 mpc_doubleint_sfun

 Timestamp is 5d5e8f2c (Thu Aug 22 20:48:44 2019)

 Preferred load address is 0000000180000000

 Start         Length     Name                   Class
 0001:00000000 0005442aH .text                   CODE
 0001:00054430 00000092H .text$x                 CODE
 0002:00000000 000004d8H .idata$5                DATA
 0002:000004d8 00000008H .CRT$XCA                DATA
 0002:000004e0 00000008H .CRT$XCZ                DATA
 0002:000004e8 00000008H .CRT$XIA                DATA
 0002:000004f0 00000008H .CRT$XIAA               DATA
 0002:000004f8 00000008H .CRT$XIZ                DATA
 0002:00000500 00004c5cH .rdata                  DATA
 0002:00005160 00000008H .rtc$IAA                DATA
 0002:00005168 00000008H .rtc$IZZ                DATA
 0002:00005170 00000008H .rtc$TAA                DATA
 0002:00005178 00000008H .rtc$TZZ                DATA
 0002:00005180 000048b4H .xdata                  DATA
 0002:00009a34 0000008cH .idata$2                DATA
 0002:00009ac0 00000014H .idata$3                DATA
 0002:00009ad8 000004d8H .idata$4                DATA
 0002:00009fb0 00000b84H .idata$6                DATA
 0002:0000ab40 00000058H .edata                  DATA
 0003:00000000 00006038H .data                   DATA
 0003:00006040 00002458H .bss                    DATA
 0004:00000000 00003804H .pdata                  DATA

  Address         Publics by Value              Rva+Base               Lib:Object

 0000:00000000       ___safe_se_handler_table   0000000000000000     <absolute>
 0000:00000000       ___safe_se_handler_count   0000000000000000     <absolute>
 0000:00000000       __ImageBase                0000000180000000     <linker-defined>
 0001:00000000       mpc_doubleint_initializer  0000000180001000 f   mpc_doubleint_sfun.obj
 0001:00000010       mpc_doubleint_terminator   0000000180001010 f   mpc_doubleint_sfun.obj
 0001:00000020       sf_mpc_doubleint_method_dispatcher 0000000180001020 f   mpc_doubleint_sfun.obj
 0001:00000040       sf_mpc_doubleint_process_check_sum_call 0000000180001040 f   mpc_doubleint_sfun.obj
 0001:00000440       sf_mpc_doubleint_autoinheritance_info 0000000180001440 f   mpc_doubleint_sfun.obj
 0001:00000560       sf_mpc_doubleint_get_eml_resolved_functions_info 0000000180001560 f   mpc_doubleint_sfun.obj
 0001:00000640       sf_mpc_doubleint_third_party_uses_info 0000000180001640 f   mpc_doubleint_sfun.obj
 0001:00000760       sf_mpc_doubleint_updateBuildInfo_args_info 0000000180001760 f   mpc_doubleint_sfun.obj
 0001:00000880       mpc_doubleint_debug_initialize 0000000180001880 f   mpc_doubleint_sfun.obj
 0001:00000900       mpc_doubleint_register_exported_symbols 0000000180001900 f   mpc_doubleint_sfun.obj
 0001:00000910       load_mpc_doubleint_optimization_info 0000000180001910 f   mpc_doubleint_sfun.obj
 0001:00000960       unload_mpc_doubleint_optimization_info 0000000180001960 f   mpc_doubleint_sfun.obj
 0001:00000990       sf_process_check_sum_call  0000000180001990 f   mpc_doubleint_sfun_registry.obj
 0001:00000a00       sf_process_autoinheritance_call 0000000180001a00 f   mpc_doubleint_sfun_registry.obj
 0001:00000c40       sf_process_get_third_party_uses_info_call 0000000180001c40 f   mpc_doubleint_sfun_registry.obj
 0001:00000e80       sf_process_get_updateBuildInfo_args_info_call 0000000180001e80 f   mpc_doubleint_sfun_registry.obj
 0001:000010c0       sf_process_get_eml_resolved_functions_info_call 00000001800020c0 f   mpc_doubleint_sfun_registry.obj
 0001:000012b0       sf_mex_unlock_call         00000001800022b0 f   mpc_doubleint_sfun_registry.obj
 0001:00001360       sf_machine_global_initializer_called 0000000180002360 f   mpc_doubleint_sfun_registry.obj
 0001:00001390       sf_machine_global_method_dispatcher 0000000180002390 f   mpc_doubleint_sfun_registry.obj
 0001:00001430       sf_machine_global_terminator 0000000180002430 f   mpc_doubleint_sfun_registry.obj
 0001:00001480       sf_register_machine_exported_symbols 0000000180002480 f   mpc_doubleint_sfun_registry.obj
 0001:000014b0       callCustomFcn              00000001800024b0 f   mpc_doubleint_sfun_registry.obj
 0001:000014c0       sf_machine_global_initializer 00000001800024c0 f   mpc_doubleint_sfun_registry.obj
 0001:00001550       _ssSetStateAbsTol          0000000180002550 f   mpc_doubleint_sfun_registry.obj
 0001:00001630       _ssGetAbsTol               0000000180002630 f   mpc_doubleint_sfun_registry.obj
 0001:000016a0       _ssSetInputPortMatrixDimensions 00000001800026a0 f   mpc_doubleint_sfun_registry.obj
 0001:000017b0       _ssSetOutputPortMatrixDimensions 00000001800027b0 f   mpc_doubleint_sfun_registry.obj
 0001:000018c0       _ssSetInputPortVectorDimension 00000001800028c0 f   mpc_doubleint_sfun_registry.obj
 0001:00001990       _ssSetOutputPortVectorDimension 0000000180002990 f   mpc_doubleint_sfun_registry.obj
 0001:00001a60       ssIsRunTimeParamTunable    0000000180002a60 f   mpc_doubleint_sfun_registry.obj
 0001:00001ad0       ssGetSFuncBlockHandle      0000000180002ad0 f   mpc_doubleint_sfun_registry.obj
 0001:00001b40       _ssGetCurrentInputPortWidth 0000000180002b40 f   mpc_doubleint_sfun_registry.obj
 0001:00001c60       _ssGetCurrentOutputPortWidth 0000000180002c60 f   mpc_doubleint_sfun_registry.obj
 0001:00001d80       _ssGetCallSystemNumFcnCallDestinations 0000000180002d80 f   mpc_doubleint_sfun_registry.obj
 0001:00001df0       ssWarning                  0000000180002df0 f   mpc_doubleint_sfun_registry.obj
 0001:00001f00       ssGetIsZeroCrossControlDisabled 0000000180002f00 f   mpc_doubleint_sfun_registry.obj
 0001:00001f70       ssSetIsInputPortUsedForContZcSignal 0000000180002f70 f   mpc_doubleint_sfun_registry.obj
 0001:00001fe0       ssSetZcSignalIsZcElementDisc 0000000180002fe0 f   mpc_doubleint_sfun_registry.obj
 0001:00002090       ssSetZcSignalName          0000000180003090 f   mpc_doubleint_sfun_registry.obj
 0001:00002100       ssSetZcSignalWidth         0000000180003100 f   mpc_doubleint_sfun_registry.obj
 0001:00002170       ssSetZcSignalZcEventType   0000000180003170 f   mpc_doubleint_sfun_registry.obj
 0001:000021e0       ssSetZcSignalType          00000001800031e0 f   mpc_doubleint_sfun_registry.obj
 0001:00002250       ssSetZcSignalZcTol         0000000180003250 f   mpc_doubleint_sfun_registry.obj
 0001:000022c0       ssSetZcSignalNeedsEventNotification 00000001800032c0 f   mpc_doubleint_sfun_registry.obj
 0001:00002330       ssCreateAndAddZcSignalInfo 0000000180003330 f   mpc_doubleint_sfun_registry.obj
 0001:000023a0       ssCloneAndAddZcSignalInfo  00000001800033a0 f   mpc_doubleint_sfun_registry.obj
 0001:00002410       ssGetNumZcSignals          0000000180003410 f   mpc_doubleint_sfun_registry.obj
 0001:00002480       ssGetZcSignalVector        0000000180003480 f   mpc_doubleint_sfun_registry.obj
 0001:000024f0       ssGetZcSignalZcEvents      00000001800034f0 f   mpc_doubleint_sfun_registry.obj
 0001:00002560       ssGetZcSignalName          0000000180003560 f   mpc_doubleint_sfun_registry.obj
 0001:000025d0       ssGetZcSignalWidth         00000001800035d0 f   mpc_doubleint_sfun_registry.obj
 0001:00002640       ssGetZcSignalZcEventType   0000000180003640 f   mpc_doubleint_sfun_registry.obj
 0001:000026b0       ssGetZcSignalType          00000001800036b0 f   mpc_doubleint_sfun_registry.obj
 0001:00002720       ssGetZcSignalZcTol         0000000180003720 f   mpc_doubleint_sfun_registry.obj
 0001:000027a0       ssGetZcSignalNeedsEventNotification 00000001800037a0 f   mpc_doubleint_sfun_registry.obj
 0001:00002810       ssGetZcSignalIsZcElementDisc 0000000180003810 f   mpc_doubleint_sfun_registry.obj
 0001:000028b0       ssGetIsInputPortElementContinuous 00000001800038b0 f   mpc_doubleint_sfun_registry.obj
 0001:00002950       _ssGetInputPortSignalPtrsFcn 0000000180003950 f   mpc_doubleint_sfun_registry.obj
 0001:00002c10       _ssGetInputPortSignalFcn   0000000180003c10 f   mpc_doubleint_sfun_registry.obj
 0001:00002e30       _ssSetInputPortDirectFeedThroughFcn 0000000180003e30 f   mpc_doubleint_sfun_registry.obj
 0001:00002f90       _ssSetInputPortReusableFcn 0000000180003f90 f   mpc_doubleint_sfun_registry.obj
 0001:00003080       _ssSetOutputPortReusableFcn 0000000180004080 f   mpc_doubleint_sfun_registry.obj
 0001:00003160       ssGetDTypeIdFromMxArray    0000000180004160 f   mpc_doubleint_sfun_registry.obj
 0001:00003280       ssWriteRTWStr              0000000180004280 f   mpc_doubleint_sfun_registry.obj
 0001:000032e0       ssWriteRTWMxVectParam      00000001800042e0 f   mpc_doubleint_sfun_registry.obj
 0001:00003340       ssWriteRTWMx2dMatParam     0000000180004340 f   mpc_doubleint_sfun_registry.obj
 0001:000033c0       ssWriteRTWNameValuePair    00000001800043c0 f   mpc_doubleint_sfun_registry.obj
 0001:000038b0       ssWriteRTWParameters       00000001800048b0 f   mpc_doubleint_sfun_registry.obj
 0001:00003eb0       ssWriteRTWParamSettings    0000000180004eb0 f   mpc_doubleint_sfun_registry.obj
 0001:00004580       ssWriteRTWWorkVect         0000000180005580 f   mpc_doubleint_sfun_registry.obj
 0001:00004a80       mexFunction                0000000180005a80 f   mpc_doubleint_sfun_registry.obj
 0001:000067d0       ProcessMexSfunctionEveryCall 00000001800077d0 f   mpc_doubleint_sfun_registry.obj
 0001:00006c70       sim_mode_is_rtw_gen        0000000180007c70 f   sfc_mex:sfc_sf.obj
 0001:00006ca0       sim_mode_is_external       0000000180007ca0 f   sfc_mex:sfc_sf.obj
 0001:00006cb0       sim_mode_is_modelref_sim   0000000180007cb0 f   sfc_mex:sfc_sf.obj
 0001:00006cd0       mdlInitializeSizes         0000000180007cd0 f   sfc_mex:sfc_sf.obj
 0001:00006cf0       mdlInitializeSampleTimes   0000000180007cf0 f   sfc_mex:sfc_sf.obj
 0001:00006d30       mdlZeroCrossings           0000000180007d30 f   sfc_mex:sfc_sf.obj
 0001:00006e10       mdlDerivatives             0000000180007e10 f   sfc_mex:sfc_sf.obj
 0001:00006ec0       mdl_initialize_conditions_processing 0000000180007ec0 f   sfc_mex:sfc_sf.obj
 0001:00006ef0       mdlInitializeConditions    0000000180007ef0 f   sfc_mex:sfc_sf.obj
 0001:00006fa0       mdlGetSimState             0000000180007fa0 f   sfc_mex:sfc_sf.obj
 0001:00006fb0       mdlSetSimState             0000000180007fb0 f   sfc_mex:sfc_sf.obj
 0001:00006fc0       mdl_ext_mode_exec_processing 0000000180007fc0 f   sfc_mex:sfc_sf.obj
 0001:00006fe0       mdlExtModeExec             0000000180007fe0 f   sfc_mex:sfc_sf.obj
 0001:00007170       mdlTerminate               0000000180008170 f   sfc_mex:sfc_sf.obj
 0001:000071e0       mdlRTW                     00000001800081e0 f   sfc_mex:sfc_sf.obj
 0001:00007210       mdlSetWorkWidths           0000000180008210 f   sfc_mex:sfc_sf.obj
 0001:00007220       mdlProcessParameters       0000000180008220 f   sfc_mex:sfc_sf.obj
 0001:00007230       mdl_start_processing       0000000180008230 f   sfc_mex:sfc_sf.obj
 0001:00007290       mdlStart                   0000000180008290 f   sfc_mex:sfc_sf.obj
 0001:000073a0       mdlEnable                  00000001800083a0 f   sfc_mex:sfc_sf.obj
 0001:00007470       mdlDisable                 0000000180008470 f   sfc_mex:sfc_sf.obj
 0001:00007520       sf_get_chart_instance_ptr  0000000180008520 f   sfc_mex:sfc_sf.obj
 0001:00007540       sf_load_rtw_optimization_info 0000000180008540 f   sfc_mex:sfc_sf.obj
 0001:00007610       sf_update_buildInfo        0000000180008610 f   sfc_mex:sfc_sf.obj
 0001:00007710       sf_rtw_info_uint_prop      0000000180008710 f   sfc_mex:sfc_sf.obj
 0001:00007850       sf_is_chart_inlinable      0000000180008850 f   sfc_mex:sfc_sf.obj
 0001:00007870       sf_mark_output_events_with_multiple_callers 0000000180008870 f   sfc_mex:sfc_sf.obj
 0001:00007a00       sf_mark_chart_reusable_outputs 0000000180008a00 f   sfc_mex:sfc_sf.obj
 0001:00007c60       sf_mark_chart_expressionable_inputs 0000000180008c60 f   sfc_mex:sfc_sf.obj
 0001:00007ec0       sf_get_subchart_simstruct  0000000180008ec0 f   sfc_mex:sfc_sf.obj
 0001:00007f10       sf_get_fixpt_data_type_id  0000000180008f10 f   sfc_mex:sfc_sf.obj
 0001:00007f50       sf_get_enum_data_type_id   0000000180008f50 f   sfc_mex:sfc_sf.obj
 0001:00007f90       sf_get_param_data_type_id  0000000180008f90 f   sfc_mex:sfc_sf.obj
 0001:00007fc0       sf_mex_listen_for_ctrl_c_force 0000000180008fc0 f   sfc_mex:sfc_sf.obj
 0001:000080d0       sf_mex_draw_now            00000001800090d0 f   sfc_mex:sfc_sf.obj
 0001:00008110       sf_mex_set_debugger_sim_status_listener_fcn 0000000180009110 f   sfc_mex:sfc_sf.obj
 0001:00008120       sf_mex_listen_for_ctrl_c   0000000180009120 f   sfc_mex:sfc_sf.obj
 0001:000081c0       sf_mex_get_sfun_param      00000001800091c0 f   sfc_mex:sfc_sf.obj
 0001:00008210       sf_get_runtime_param_data  0000000180009210 f   sfc_mex:sfc_sf.obj
 0001:00008250       sf_call_output_fcn_call    0000000180009250 f   sfc_mex:sfc_sf.obj
 0001:00008390       sf_call_output_fcn_enable  0000000180009390 f   sfc_mex:sfc_sf.obj
 0001:00008420       sf_call_output_fcn_disable 0000000180009420 f   sfc_mex:sfc_sf.obj
 0001:000084b0       sf_clear_rtw_identifier    00000001800094b0 f   sfc_mex:sfc_sf.obj
 0001:00008c90       sf_set_encoded_dwork_info  0000000180009c90 f   sfc_mex:sfc_sf.obj
 0001:00008ce0       sf_get_dwork_info_from_mat_file 0000000180009ce0 f   sfc_mex:sfc_sf.obj
 0001:00008ea0       sf_set_rtw_dwork_info      0000000180009ea0 f   sfc_mex:sfc_sf.obj
 0001:00009010       mdlOutputs                 000000018000a010 f   sfc_mex:sfc_sf.obj
 0001:00009200       sf_mex_mx_is_numeric       000000018000a200 f   sfc_mex:sfc_mex.obj
 0001:00009240       strcmp_ignore_ws           000000018000a240 f   sfc_mex:sfc_mex.obj
 0001:00009380       sf_mex_duplicatearraysafe  000000018000a380 f   sfc_mex:sfc_mex.obj
 0001:000094e0       sf_set_error_debugger_context_message_fcn 000000018000a4e0 f   sfc_mex:sfc_mex.obj
 0001:000094f0       sf_set_debugger_matlab_error_fcn 000000018000a4f0 f   sfc_mex:sfc_mex.obj
 0001:00009530       sf_set_error_prefix_string 000000018000a530 f   sfc_mex:sfc_mex.obj
 0001:00009560       sf_get_error_prefix_string 000000018000a560 f   sfc_mex:sfc_mex.obj
 0001:00009570       sf_mex_enter_parallel_region 000000018000a570 f   sfc_mex:sfc_mex.obj
 0001:00009580       sf_mex_exit_parallel_region 000000018000a580 f   sfc_mex:sfc_mex.obj
 0001:00009590       sf_get_current_jmp_buf_ptr 000000018000a590 f   sfc_mex:sfc_mex.obj
 0001:000095a0       sf_set_current_jmp_buf_ptr 000000018000a5a0 f   sfc_mex:sfc_mex.obj
 0001:000095b0       sf_mex_set_halt_simulation 000000018000a5b0 f   sfc_mex:sfc_mex.obj
 0001:000095c0       sf_mex_get_halt_simulation 000000018000a5c0 f   sfc_mex:sfc_mex.obj
 0001:000095d0       sf_mex_clear_error_message 000000018000a5d0 f   sfc_mex:sfc_mex.obj
 0001:000095f0       sf_mex_get_error_message_for_read 000000018000a5f0 f   sfc_mex:sfc_mex.obj
 0001:00009600       sf_mex_get_error_message_buffer_length 000000018000a600 f   sfc_mex:sfc_mex.obj
 0001:000096c0       sf_mex_warning_message     000000018000a6c0 f   sfc_mex:sfc_mex.obj
 0001:00009710       sf_mex_v_errbuf_createf    000000018000a710 f   sfc_mex:sfc_mex.obj
 0001:00009720       sf_mex_errbuf_createf      000000018000a720 f   sfc_mex:sfc_mex.obj
 0001:00009750       sf_mex_v_errbuf_catf       000000018000a750 f   sfc_mex:sfc_mex.obj
 0001:00009790       sf_mex_errbuf_catf         000000018000a790 f   sfc_mex:sfc_mex.obj
 0001:000097e0       sf_mex_errbuf_copy         000000018000a7e0 f   sfc_mex:sfc_mex.obj
 0001:000097f0       sf_mex_errbuf_clear        000000018000a7f0 f   sfc_mex:sfc_mex.obj
 0001:00009800       sf_mex_errbuf_isempty      000000018000a800 f   sfc_mex:sfc_mex.obj
 0001:00009900       sf_mex_set_error_status    000000018000a900 f   sfc_mex:sfc_mex.obj
 0001:00009950       sf_mex_error_direct_call   000000018000a950 f   sfc_mex:sfc_mex.obj
 0001:00009970       sf_mex_error_message_no_long_jump 000000018000a970 f   sfc_mex:sfc_mex.obj
 0001:00009990       sf_mex_long_jump_on_error  000000018000a990 f   sfc_mex:sfc_mex.obj
 0001:000099c0       sf_mex_call_matlab         000000018000a9c0 f   sfc_mex:sfc_mex.obj
 0001:00009aa0       sf_mex_check_builtin       000000018000aaa0 f   sfc_mex:sfc_mex.obj
 0001:00009b40       sf_mex_check_builtin_vs    000000018000ab40 f   sfc_mex:sfc_mex.obj
 0001:00009c00       sf_mex_check_enum          000000018000ac00 f   sfc_mex:sfc_mex.obj
 0001:00009c80       sf_mex_create_enum         000000018000ac80 f   sfc_mex:sfc_mex.obj
 0001:00009cf0       sf_mex_get_enum_element    000000018000acf0 f   sfc_mex:sfc_mex.obj
 0001:00009d00       sf_mex_createcellarray     000000018000ad00 f   sfc_mex:sfc_mex.obj
 0001:00009d10       sf_mex_setcell             000000018000ad10 f   sfc_mex:sfc_mex.obj
 0001:00009d20       sf_mex_getcell             000000018000ad20 f   sfc_mex:sfc_mex.obj
 0001:00009d30       sf_mex_dup                 000000018000ad30 f   sfc_mex:sfc_mex.obj
 0001:00009d50       sf_mex_assign              000000018000ad50 f   sfc_mex:sfc_mex.obj
 0001:00009dd0       sf_mex_destroy             000000018000add0 f   sfc_mex:sfc_mex.obj
 0001:00009e00       mx_array_has_fi_type       000000018000ae00 f   sfc_mex:sfc_mex.obj
 0001:00009e30       sf_mex_convert_from_fi     000000018000ae30 f   sfc_mex:sfc_mex.obj
 0001:0000a010       sf_mex_convert_to_double   000000018000b010 f   sfc_mex:sfc_mex.obj
 0001:0000a120       sf_mex_import_fi_vs        000000018000b120 f   sfc_mex:sfc_mex.obj
 0001:0000a330       sf_matrix_matrix_index_ok  000000018000b330 f   sfc_mex:sfc_mex.obj
 0001:0000a3c0       sf_vector_vector_index_ok  000000018000b3c0 f   sfc_mex:sfc_mex.obj
 0001:0000a3f0       ssGetCurrentInputPortDimensions_wrapper 000000018000b3f0 f   sfc_mex:sfc_mex.obj
 0001:0000a410       ssGetCurrentOutputPortDimensions_wrapper 000000018000b410 f   sfc_mex:sfc_mex.obj
 0001:0000a430       sf_mex_emlrt_context_is_debug_mode 000000018000b430 f   sfc_mex:sfc_mex.obj
 0001:0000a440       sf_mex_emlrt_context_set_debug_mode 000000018000b440 f   sfc_mex:sfc_mex.obj
 0001:0000a450       sf_mex_emlrtNameCapturePostProcessR2012a 000000018000b450 f   sfc_mex:sfc_mex.obj
 0001:0000a4c0       sf_clear_error_manager_info 000000018000b4c0 f   sfc_mex:sfc_mex.obj
 0001:0000a520       sf_mex_stop_simulation_abruptly_wo_error 000000018000b520 f   sfc_mex:sfc_mex.obj
 0001:0000a560       sf_mex_error_message       000000018000b560 f   sfc_mex:sfc_mex.obj
 0001:0000a5d0       sf_react_to_error_in_matlab_call 000000018000b5d0 f   sfc_mex:sfc_mex.obj
 0001:0000a600       sf_mex_addfield            000000018000b600 f   sfc_mex:sfc_mex.obj
 0001:0000a6a0       sf_mex_getfield            000000018000b6a0 f   sfc_mex:sfc_mex.obj
 0001:0000aa10       sf_mex_check_class         000000018000ba10 f   sfc_mex:sfc_mex.obj
 0001:0000ab00       sf_mex_is_real             000000018000bb00 f   sfc_mex:sfc_mex.obj
 0001:0000b2b0       sf_mex_decode_encoded_mx_cell_array 000000018000c2b0 f   sfc_mex:sfc_mex.obj
 0001:0000b520       sf_mex_decode_encoded_mx_struct_array 000000018000c520 f   sfc_mex:sfc_mex.obj
 0001:0000b7f0       lw_bounds_error            000000018000c7f0 f   sfc_mex:sfc_mex.obj
 0001:0000b800       sf_mex_lw_bounds_check     000000018000c800 f   sfc_mex:sfc_mex.obj
 0001:0000b830       sf_mex_lw_bounds_check_int64 000000018000c830 f   sfc_mex:sfc_mex.obj
 0001:0000b870       sf_mex_lw_size_eq_check_1d 000000018000c870 f   sfc_mex:sfc_mex.obj
 0001:0000b890       sf_mex_lw_size_eq_check_nd 000000018000c890 f   sfc_mex:sfc_mex.obj
 0001:0000ba70       sf_mex_lw_dim_size_eq_check 000000018000ca70 f   sfc_mex:sfc_mex.obj
 0001:0000baa0       sf_mex_lw_dim_size_geq_check 000000018000caa0 f   sfc_mex:sfc_mex.obj
 0001:0000bad0       sf_mex_lw_sub_assign_size_check_nd 000000018000cad0 f   sfc_mex:sfc_mex.obj
 0001:0000bc80       sf_mex_lw_runtime_error_msgid 000000018000cc80 f   sfc_mex:sfc_mex.obj
 0001:0000bd70       sf_mex_lw_matrix_matrix_index_check 000000018000cd70 f   sfc_mex:sfc_mex.obj
 0001:0000bd90       sf_mex_lw_vector_vector_index_check 000000018000cd90 f   sfc_mex:sfc_mex.obj
 0001:0000bdd0       sf_mex_lw_for_loop_vector_check 000000018000cdd0 f   sfc_mex:sfc_mex.obj
 0001:0000be50       sf_mex_lw_non_negative_check 000000018000ce50 f   sfc_mex:sfc_mex.obj
 0001:0000be90       sf_mex_overflow_error      000000018000ce90 f   sfc_mex:sfc_mex.obj
 0001:0000bea0       sf_mex_dividebyzero_error  000000018000cea0 f   sfc_mex:sfc_mex.obj
 0001:0000beb0       sf_mex_unsafe_enum_error   000000018000ceb0 f   sfc_mex:sfc_mex.obj
 0001:0000bec0       sf_emlrtErrHandler         000000018000cec0 f   sfc_mex:sfc_mex.obj
 0001:0000bf80       sf_mex_size_one_check      000000018000cf80 f   sfc_mex:sfc_mex.obj
 0001:0000bfa0       sf_mex_printf              000000018000cfa0 f   sfc_mex:sfc_mex.obj
 0001:0000c1f0       sf_mex_check_size          000000018000d1f0 f   sfc_mex:sfc_mex.obj
 0001:0000c530       sf_mex_check_struct        000000018000d530 f   sfc_mex:sfc_mex.obj
 0001:0000c750       sf_mex_check_struct_vs     000000018000d750 f   sfc_mex:sfc_mex.obj
 0001:0000c7e0       sf_mex_check_fi            000000018000d7e0 f   sfc_mex:sfc_mex.obj
 0001:0000c970       sf_mex_check_fi_vs         000000018000d970 f   sfc_mex:sfc_mex.obj
 0001:0000ca10       sf_echo_expression         000000018000da10 f   sfc_mex:sfc_mex.obj
 0001:0000ca70       sf_assertion_failed        000000018000da70 f   sfc_mex:sfc_mex.obj
 0001:0000cd40       sf_mex_evalin              000000018000dd40 f   sfc_mex:sfc_mex.obj
 0001:0000d090       sf_mex_export              000000018000e090 f   sfc_mex:sfc_mex.obj
 0001:0000d150       sf_mex_get_ml_var_no_error 000000018000e150 f   sfc_mex:sfc_mex.obj
 0001:0000d390       sf_mex_get_ml_var          000000018000e390 f   sfc_mex:sfc_mex.obj
 0001:0000d890       ml_set_element_value_in_array 000000018000e890 f   sfc_mex:sfc_mex.obj
 0001:0000f200       sf_mex_call_impl           0000000180010200 f   sfc_mex:sfc_mex.obj
 0001:0000f620       sf_mex_call_debug          0000000180010620 f   sfc_mex:sfc_mex.obj
 0001:0000f650       sf_mex_call                0000000180010650 f   sfc_mex:sfc_mex.obj
 0001:0000fd60       sf_mex_createstruct        0000000180010d60 f   sfc_mex:sfc_mex.obj
 0001:0000fe50       sf_mex_createstructarray   0000000180010e50 f   sfc_mex:sfc_mex.obj
 0001:0000fed0       sf_mex_get_mx_datatype_from_sf_datatype 0000000180010ed0 f   sfc_mex:sfc_mex.obj
 0001:000101e0       sf_mex_ml_var_sub          00000001800111e0 f   sfc_mex:sfc_mex.obj
 0001:000103f0       sf_mex_ml_var_subsasgn     00000001800113f0 f   sfc_mex:sfc_mex.obj
 0001:000107b0       sf_mex_sub                 00000001800117b0 f   sfc_mex:sfc_mex.obj
 0001:000109f0       sf_mex_subsasgn            00000001800119f0 f   sfc_mex:sfc_mex.obj
 0001:00010e60       sf_mex_create              0000000180011e60 f   sfc_mex:sfc_mex.obj
 0001:000117d0       sf_mex_import_named        00000001800127d0 f   sfc_mex:sfc_mex.obj
 0001:00011830       sf_mex_import              0000000180012830 f   sfc_mex:sfc_mex.obj
 0001:00011880       sf_mex_import_vs           0000000180012880 f   sfc_mex:sfc_mex.obj
 0001:00011990       sf_mex_lower_fixpt_mx_array 0000000180012990 f   sfc_mex:sfc_mex.obj
 0001:00011cc0       sf_debug_chart_instance_initialized_quick 0000000180012cc0 f   sfc_debug:sfcdebug.obj
 0001:00011d40       sf_debug_disp              0000000180012d40 f   sfc_debug:sfcdebug.obj
 0001:00011fd0       sf_debug_data_runtime_size_mismatch_error_check 0000000180012fd0 f   sfc_debug:sfcdebug.obj
 0001:00012080       sf_debug_try_loading_machine 0000000180013080 f   sfc_debug:sfcdebug.obj
 0001:00012180       sf_debug_reset_current_state_configuration 0000000180013180 f   sfc_debug:sfcdebug.obj
 0001:00012200       sf_debug_store_current_state_configuration 0000000180013200 f   sfc_debug:sfcdebug.obj
 0001:00012280       sf_debug_restore_previous_state_configuration 0000000180013280 f   sfc_debug:sfcdebug.obj
 0001:00012300       sf_debug_restore_previous_state_configuration2 0000000180013300 f   sfc_debug:sfcdebug.obj
 0001:00012380       sf_debug_get_event_scope   0000000180013380 f   sfc_debug:sfcdebug.obj
 0001:000124f0       use_debugger_step_animation 00000001800134f0 f   sfc_debug:sfcdebug.obj
 0001:00012510       sf_debug_get_script_id     0000000180013510 f   sfc_debug:sfcdebug.obj
 0001:000125a0       sf_debug_set_script_translation 00000001800135a0 f   sfc_debug:sfcdebug.obj
 0001:00012730       sf_debug_extract_message_post_receive_info 0000000180013730 f   sfc_debug:sfcdebug.obj
 0001:00012980       sf_debug_get_current_machine_id 0000000180013980 f   sfc_debug:sfcdebug.obj
 0001:000129a0       sf_debug_get_current_optional_integer 00000001800139a0 f   sfc_debug:sfcdebug.obj
 0001:000129b0       sf_debug_get_current_machine_number 00000001800139b0 f   sfc_debug:sfcdebug.obj
 0001:000129d0       sf_debug_get_current_machine_name 00000001800139d0 f   sfc_debug:sfcdebug.obj
 0001:000129f0       sf_debug_get_current_chart_id 00000001800139f0 f   sfc_debug:sfcdebug.obj
 0001:00012a30       sf_debug_get_current_chart_number 0000000180013a30 f   sfc_debug:sfcdebug.obj
 0001:00012a40       sf_debug_get_current_instance_number 0000000180013a40 f   sfc_debug:sfcdebug.obj
 0001:00012a50       sf_debug_get_current_is_minor_time_step 0000000180013a50 f   sfc_debug:sfcdebug.obj
 0001:00012ad0       sf_debug_get_current_object_type 0000000180013ad0 f   sfc_debug:sfcdebug.obj
 0001:00012ae0       sf_debug_get_current_instance_handle 0000000180013ae0 f   sfc_debug:sfcdebug.obj
 0001:00012b40       sf_debug_get_current_event_type 0000000180013b40 f   sfc_debug:sfcdebug.obj
 0001:00012b50       sf_debug_get_current_object_id 0000000180013b50 f   sfc_debug:sfcdebug.obj
 0001:00012b90       sf_debug_get_current_active_event_type 0000000180013b90 f   sfc_debug:sfcdebug.obj
 0001:00012ba0       sf_debug_get_current_active_event_id 0000000180013ba0 f   sfc_debug:sfcdebug.obj
 0001:00012be0       sf_debug_get_current_tag_type 0000000180013be0 f   sfc_debug:sfcdebug.obj
 0001:00012bf0       sf_debug_get_current_simulation_time 0000000180013bf0 f   sfc_debug:sfcdebug.obj
 0001:00012c00       sf_debug_current_statement_context 0000000180013c00 f   sfc_debug:sfcdebug.obj
 0001:00012ee0       sf_debug_assertion_failed  0000000180013ee0 f   sfc_debug:sfcdebug.obj
 0001:00013090       sf_debug_create_debug_instance_struct 0000000180014090 f   sfc_debug:sfcdebug.obj
 0001:000130e0       sf_debug_set_number_of_data_with_change_event_for_machine 00000001800140e0 f   sfc_debug:sfcdebug.obj
 0001:00013130       sf_debug_set_machine_event_thresholds 0000000180014130 f   sfc_debug:sfcdebug.obj
 0001:00013150       sf_debug_set_machine_event_scope 0000000180014150 f   sfc_debug:sfcdebug.obj
 0001:000131a0       sf_debug_set_machine_data_thresholds 00000001800141a0 f   sfc_debug:sfcdebug.obj
 0001:000131f0       sf_debug_set_machine_data_scope 00000001800141f0 f   sfc_debug:sfcdebug.obj
 0001:00013290       sf_debug_set_machine_data_name 0000000180014290 f   sfc_debug:sfcdebug.obj
 0001:00013340       sf_debug_set_machine_data_size 0000000180014340 f   sfc_debug:sfcdebug.obj
 0001:00013490       sf_debug_set_machine_data_type 0000000180014490 f   sfc_debug:sfcdebug.obj
 0001:00013600       sf_debug_get_chart_data_number 0000000180014600 f   sfc_debug:sfcdebug.obj
 0001:00013620       sf_debug_get_chart_event_number 0000000180014620 f   sfc_debug:sfcdebug.obj
 0001:00013640       sf_debug_set_chart_state_info 0000000180014640 f   sfc_debug:sfcdebug.obj
 0001:000136d0       sf_debug_set_chart_decomposition 00000001800146d0 f   sfc_debug:sfcdebug.obj
 0001:00013740       sf_debug_set_chart_substate_count 0000000180014740 f   sfc_debug:sfcdebug.obj
 0001:00013820       sf_debug_set_chart_substate_index 0000000180014820 f   sfc_debug:sfcdebug.obj
 0001:000138a0       sf_debug_set_chart_state_substate_count 00000001800148a0 f   sfc_debug:sfcdebug.obj
 0001:000139c0       sf_debug_set_chart_state_substate_index 00000001800149c0 f   sfc_debug:sfcdebug.obj
 0001:00013a50       sf_debug_set_number_of_data_with_change_event_for_chart 0000000180014a50 f   sfc_debug:sfcdebug.obj
 0001:00013ae0       sf_debug_set_number_of_states_with_entry_event_for_chart 0000000180014ae0 f   sfc_debug:sfcdebug.obj
 0001:00013b60       sf_debug_set_number_of_states_with_exit_event_for_chart 0000000180014b60 f   sfc_debug:sfcdebug.obj
 0001:00013be0       sf_debug_set_chart_disable_implicit_casting 0000000180014be0 f   sfc_debug:sfcdebug.obj
 0001:00013c50       sf_debug_set_chart_event_thresholds 0000000180014c50 f   sfc_debug:sfcdebug.obj
 0001:00013cd0       sf_debug_set_chart_data_compiled_props 0000000180014cd0 f   sfc_debug:sfcdebug.obj
 0001:00014010       sf_debug_set_chart_data_props 0000000180015010 f   sfc_debug:sfcdebug.obj
 0001:00014330       sf_debug_check_fi_license  0000000180015330 f   sfc_debug:sfcdebug.obj
 0001:000144e0       sf_debug_symbol_scope_push 00000001800154e0 f   sfc_debug:sfcdebug.obj
 0001:00014520       sf_debug_symbol_scope_push_eml 0000000180015520 f   sfc_debug:sfcdebug.obj
 0001:00014570       sf_debug_symbol_scope_pop  0000000180015570 f   sfc_debug:sfcdebug.obj
 0001:000145b0       sf_debug_symbol_scope_add_importable 00000001800155b0 f   sfc_debug:sfcdebug.obj
 0001:00014630       sf_debug_symbol_scope_add  0000000180015630 f   sfc_debug:sfcdebug.obj
 0001:000146b0       sf_debug_symbol_scope_add_dyn_importable 00000001800156b0 f   sfc_debug:sfcdebug.obj
 0001:00014770       sf_debug_symbol_scope_add_dyn 0000000180015770 f   sfc_debug:sfcdebug.obj
 0001:000147b0       sf_debug_symbol_scope_add_eml_importable 00000001800157b0 f   sfc_debug:sfcdebug.obj
 0001:000147f0       sf_debug_symbol_scope_add_eml 00000001800157f0 f   sfc_debug:sfcdebug.obj
 0001:00014830       sf_debug_symbol_scope_add_eml_dyn_importable 0000000180015830 f   sfc_debug:sfcdebug.obj
 0001:00014890       sf_debug_symbol_scope_add_eml_dyn 0000000180015890 f   sfc_debug:sfcdebug.obj
 0001:000148f0       sf_debug_symbol_switch     00000001800158f0 f   sfc_debug:sfcdebug.obj
 0001:00014910       sf_debug_symbol_scope_add_verbose 0000000180015910 f   sfc_debug:sfcdebug.obj
 0001:000149e0       sf_debug_set_machine_data_value_ptr 00000001800159e0 f   sfc_debug:sfcdebug.obj
 0001:00014a20       sf_debug_set_instance_data_value_ptr 0000000180015a20 f   sfc_debug:sfcdebug.obj
 0001:00014af0       sf_debug_unset_instance_data_value_ptr 0000000180015af0 f   sfc_debug:sfcdebug.obj
 0001:00014ba0       sf_debug_set_chart_event_scope 0000000180015ba0 f   sfc_debug:sfcdebug.obj
 0001:00014dc0       sf_debug_unload_machine    0000000180015dc0 f   sfc_debug:sfcdebug.obj
 0001:00014e10       sf_debug_load_machine      0000000180015e10 f   sfc_debug:sfcdebug.obj
 0001:00014f20       sf_debug_set_active_instance_in_data_dictionary 0000000180015f20 f   sfc_debug:sfcdebug.obj
 0001:00015100       sf_debug_set_active_instance 0000000180016100 f   sfc_debug:sfcdebug.obj
 0001:00015260       sf_debug_chart_visiblity_change 0000000180016260 f   sfc_debug:sfcdebug.obj
 0001:00015350       sf_debug_select_chart      0000000180016350 f   sfc_debug:sfcdebug.obj
 0001:000154b0       sf_debug_set_instance_cv_ids 00000001800164b0 f   sfc_debug:sfcdebug.obj
 0001:00015770       sf_debug_select_charts     0000000180016770 f   sfc_debug:sfcdebug.obj
 0001:00015920       sf_debug_initialized       0000000180016920 f   sfc_debug:sfcdebug.obj
 0001:00015940       sf_debug_initialize_debugger_gui 0000000180016940 f   sfc_debug:sfcdebug.obj
 0001:00015d20       sf_debug_resume            0000000180016d20 f   sfc_debug:sfcdebug.obj
 0001:00015d40       sf_debug_go                0000000180016d40 f   sfc_debug:sfcdebug.obj
 0001:00015d50       sf_debug_break             0000000180016d50 f   sfc_debug:sfcdebug.obj
 0001:00015d60       sf_debug_step_over         0000000180016d60 f   sfc_debug:sfcdebug.obj
 0001:00015d70       sf_debug_step_out          0000000180016d70 f   sfc_debug:sfcdebug.obj
 0001:00015d80       sf_debug_set_disable_all_breakpoints 0000000180016d80 f   sfc_debug:sfcdebug.obj
 0001:00015d90       sf_debug_disable_all_breakpoints_and_go 0000000180016d90 f   sfc_debug:sfcdebug.obj
 0001:00015da0       sf_debug_break_on_chart_entry 0000000180016da0 f   sfc_debug:sfcdebug.obj
 0001:00015db0       sf_debug_break_on_event_broadcast 0000000180016db0 f   sfc_debug:sfcdebug.obj
 0001:00015dc0       sf_debug_break_on_state_entry 0000000180016dc0 f   sfc_debug:sfcdebug.obj
 0001:00015dd0       sf_debug_break_between_times 0000000180016dd0 f   sfc_debug:sfcdebug.obj
 0001:00015df0       sf_debug_browse_data       0000000180016df0 f   sfc_debug:sfcdebug.obj
 0001:00015e00       sf_debug_watch_data        0000000180016e00 f   sfc_debug:sfcdebug.obj
 0001:00015e30       sf_debug_assign_data       0000000180016e30 f   sfc_debug:sfcdebug.obj
 0001:00015e40       sf_debug_whos              0000000180016e40 f   sfc_debug:sfcdebug.obj
 0001:00015e60       sf_debug_get_consistency_info 0000000180016e60 f   sfc_debug:sfcdebug.obj
 0001:00015e70       sf_debug_browse_trace      0000000180016e70 f   sfc_debug:sfcdebug.obj
 0001:00015e80       sf_debug_set_breakpoints   0000000180016e80 f   sfc_debug:sfcdebug.obj
 0001:00015fe0       sf_debug_set_eml_breakpoints 0000000180016fe0 f   sfc_debug:sfcdebug.obj
 0001:00016140       sf_debug_set_script_breakpoints 0000000180017140 f   sfc_debug:sfcdebug.obj
 0001:000161c0       sf_debug_add_script_breakpoints 00000001800171c0 f   sfc_debug:sfcdebug.obj
 0001:00016230       sf_debug_clear_script_breakpoints 0000000180017230 f   sfc_debug:sfcdebug.obj
 0001:000162a0       sf_debug_query_script_breakpoints 00000001800172a0 f   sfc_debug:sfcdebug.obj
 0001:00016350       sf_debug_get_eml_script_id 0000000180017350 f   sfc_debug:sfcdebug.obj
 0001:000163a0       sf_debug_set_watch         00000001800173a0 f   sfc_debug:sfcdebug.obj
 0001:000165c0       sf_debug_get_instance_handle 00000001800175c0 f   sfc_debug:sfcdebug.obj
 0001:00016650       sf_debug_get_active_states 0000000180017650 f   sfc_debug:sfcdebug.obj
 0001:00016660       sf_debug_set_honor_breakpoints 0000000180017660 f   sfc_debug:sfcdebug.obj
 0001:00016670       sf_debug_get_animation     0000000180017670 f   sfc_debug:sfcdebug.obj
 0001:00016680       sf_debug_set_animation     0000000180017680 f   sfc_debug:sfcdebug.obj
 0001:00016690       sf_debug_animate           0000000180017690 f   sfc_debug:sfcdebug.obj
 0001:000166b0       sf_debug_cycle_detection_check 00000001800176b0 f   sfc_debug:sfcdebug.obj
 0001:000166c0       sf_debug_data_range_check  00000001800176c0 f   sfc_debug:sfcdebug.obj
 0001:000166d0       sf_debug_transition_conflict_check 00000001800176d0 f   sfc_debug:sfcdebug.obj
 0001:000166e0       sf_debug_state_consistency_check 00000001800176e0 f   sfc_debug:sfcdebug.obj
 0001:000166f0       sf_debug_data_range_check_enabled 00000001800176f0 f   sfc_debug:sfcdebug.obj
 0001:00016710       sf_debug_transition_conflict_check_enabled 0000000180017710 f   sfc_debug:sfcdebug.obj
 0001:00016730       sf_debug_transition_conflict_check_begin 0000000180017730 f   sfc_debug:sfcdebug.obj
 0001:00016750       sf_debug_transition_conflict_check_end 0000000180017750 f   sfc_debug:sfcdebug.obj
 0001:00016770       sf_debug_stop_debugging    0000000180017770 f   sfc_debug:sfcdebug.obj
 0001:000167a0       sf_debug_is_cycle_detected 00000001800177a0 f   sfc_debug:sfcdebug.obj
 0001:000167b0       sf_debug_is_array_bounds_detected 00000001800177b0 f   sfc_debug:sfcdebug.obj
 0001:00016950       sf_debug_get_script_index  0000000180017950 f   sfc_debug:sfcdebug.obj
 0001:00016ae0       sf_debug_add_script        0000000180017ae0 f   sfc_debug:sfcdebug.obj
 0001:00016c70       cv_eval_point              0000000180017c70 f   sfc_debug:sfcdebug.obj
 0001:00016dd0       cv_eval_testobjective      0000000180017dd0 f   sfc_debug:sfcdebug.obj
 0001:00016ee0       sf_debug_cv_init_state     0000000180017ee0 f   sfc_debug:sfcdebug.obj
 0001:00017010       sf_debug_cv_init_chart     0000000180018010 f   sfc_debug:sfcdebug.obj
 0001:00017100       sf_debug_cv_init_trans     0000000180018100 f   sfc_debug:sfcdebug.obj
 0001:00017210       sf_debug_cv_init_saturation 0000000180018210 f   sfc_debug:sfcdebug.obj
 0001:00017310       sf_debug_cv_init_relationalop 0000000180018310 f   sfc_debug:sfcdebug.obj
 0001:00017430       sf_debug_cv_init_testobjectives 0000000180018430 f   sfc_debug:sfcdebug.obj
 0001:00017610       cv_eml_init_script         0000000180018610 f   sfc_debug:sfcdebug.obj
 0001:00017730       cv_eml_init_fcn            0000000180018730 f   sfc_debug:sfcdebug.obj
 0001:00017840       cv_eml_init_testobjective  0000000180018840 f   sfc_debug:sfcdebug.obj
 0001:00017920       cv_eml_init_saturation     0000000180018920 f   sfc_debug:sfcdebug.obj
 0001:000179f0       cv_eml_init_if             00000001800189f0 f   sfc_debug:sfcdebug.obj
 0001:00017ad0       cv_eml_init_for            0000000180018ad0 f   sfc_debug:sfcdebug.obj
 0001:00017ba0       cv_eml_init_while          0000000180018ba0 f   sfc_debug:sfcdebug.obj
 0001:00017c70       cv_eml_init_mcdc           0000000180018c70 f   sfc_debug:sfcdebug.obj
 0001:00017d90       cv_eml_init_relational     0000000180018d90 f   sfc_debug:sfcdebug.obj
 0001:00017e60       cv_eml_init_switch         0000000180018e60 f   sfc_debug:sfcdebug.obj
 0001:00017f60       cv_eml_eval                0000000180018f60 f   sfc_debug:sfcdebug.obj
 0001:00018050       sf_debug_bm_is_a_eml_breakpoint 0000000180019050 f   sfc_debug:sfcdebug.obj
 0001:000181a0       sf_debug_temporal_threshold 00000001800191a0 f   sfc_debug:sfcdebug.obj
 0001:00018510       sf_debug_transition_conflict_error 0000000180019510 f   sfc_debug:sfcdebug.obj
 0001:00018870       sf_debug_state_inconsistency_error 0000000180019870 f   sfc_debug:sfcdebug.obj
 0001:00018990       sf_debug_check_for_state_inconsistency 0000000180019990 f   sfc_debug:sfcdebug.obj
 0001:000189d0       sf_debug_cycle_detecton_error 00000001800199d0 f   sfc_debug:sfcdebug.obj
 0001:00019100       sf_debug_size_eq_check_1d  000000018001a100 f   sfc_debug:sfcdebug.obj
 0001:00019120       sf_debug_size_eq_check_nd  000000018001a120 f   sfc_debug:sfcdebug.obj
 0001:00019300       sf_debug_dim_size_eq_check 000000018001a300 f   sfc_debug:sfcdebug.obj
 0001:00019330       sf_debug_dim_size_geq_check 000000018001a330 f   sfc_debug:sfcdebug.obj
 0001:00019360       sf_debug_sub_assign_size_check_nd 000000018001a360 f   sfc_debug:sfcdebug.obj
 0001:00019530       sf_debug_matrix_matrix_index_check 000000018001a530 f   sfc_debug:sfcdebug.obj
 0001:00019580       sf_debug_vector_vector_index_check 000000018001a580 f   sfc_debug:sfcdebug.obj
 0001:000195d0       sf_debug_for_loop_vector_check 000000018001a5d0 f   sfc_debug:sfcdebug.obj
 0001:00019660       sf_debug_runtime_error_msgid 000000018001a660 f   sfc_debug:sfcdebug.obj
 0001:000196e0       sf_debug_data_array_bounds_error_check 000000018001a6e0 f   sfc_debug:sfcdebug.obj
 0001:00019810       sf_debug_eml_data_array_bounds_error_check_int64 000000018001a810 f   sfc_debug:sfcdebug.obj
 0001:000199a0       sf_debug_eml_data_array_bounds_error_check 000000018001a9a0 f   sfc_debug:sfcdebug.obj
 0001:00019e70       sf_debug_integer_check     000000018001ae70 f   sfc_debug:sfcdebug.obj
 0001:00019f60       sf_debug_not_nan_check     000000018001af60 f   sfc_debug:sfcdebug.obj
 0001:0001a030       sf_debug_non_negative_check 000000018001b030 f   sfc_debug:sfcdebug.obj
 0001:0001a100       sf_debug_overflow_detection 000000018001b100 f   sfc_debug:sfcdebug.obj
 0001:0001a760       sf_debug_cast_to_real32_T  000000018001b760 f   sfc_debug:sfcdebug.obj
 0001:0001a830       sf_debug_cast_to_int8_T    000000018001b830 f   sfc_debug:sfcdebug.obj
 0001:0001a900       sf_debug_cast_to_uint8_T   000000018001b900 f   sfc_debug:sfcdebug.obj
 0001:0001a9d0       sf_debug_cast_to_int16_T   000000018001b9d0 f   sfc_debug:sfcdebug.obj
 0001:0001aaa0       sf_debug_cast_to_uint16_T  000000018001baa0 f   sfc_debug:sfcdebug.obj
 0001:0001ab70       sf_debug_cast_to_int32_T   000000018001bb70 f   sfc_debug:sfcdebug.obj
 0001:0001ac40       sf_debug_cast_to_uint32_T  000000018001bc40 f   sfc_debug:sfcdebug.obj
 0001:0001ad10       sf_debug_data_range_error  000000018001bd10 f   sfc_debug:sfcdebug.obj
 0001:0001b020       sf_debug_read_before_write_check 000000018001c020 f   sfc_debug:sfcdebug.obj
 0001:0001b450       sf_debug_data_range_error_wrapper_min_max 000000018001c450 f   sfc_debug:sfcdebug.obj
 0001:0001b570       sf_debug_data_range_error_wrapper_min 000000018001c570 f   sfc_debug:sfcdebug.obj
 0001:0001b680       sf_debug_data_range_error_wrapper_max 000000018001c680 f   sfc_debug:sfcdebug.obj
 0001:0001b790       sf_debug_data_range_wrapper 000000018001c790 f   sfc_debug:sfcdebug.obj
 0001:0001b850       sf_debug_set_current_status_info 000000018001c850 f   sfc_debug:sfcdebug.obj
 0001:0001ba70       sf_debug_register_message_post_receive_info 000000018001ca70 f   sfc_debug:sfcdebug.obj
 0001:0001bcc0       sf_debug_call              000000018001ccc0 f   sfc_debug:sfcdebug.obj
 0001:0001c5b0       sf_debug_initialize_machine 000000018001d5b0 f   sfc_debug:sfcdebug.obj
 0001:0001c850       sf_debug_initialize_chart  000000018001d850 f   sfc_debug:sfcdebug.obj
 0001:0001cd90       sf_debug_ensure_script     000000018001dd90 f   sfc_debug:sfcdebug.obj
 0001:0001ce40       cv_eval_saturation         000000018001de40 f   sfc_debug:sfcdebug.obj
 0001:0001cfe0       cv_saturation_accum        000000018001dfe0 f   sfc_debug:sfcdebug.obj
 0001:0001d120       cv_eval_relational         000000018001e120 f   sfc_debug:sfcdebug.obj
 0001:0001d290       cv_script_init_script      000000018001e290 f   sfc_debug:sfcdebug.obj
 0001:0001d380       cv_script_init_fcn         000000018001e380 f   sfc_debug:sfcdebug.obj
 0001:0001d440       cv_script_init_testobjective 000000018001e440 f   sfc_debug:sfcdebug.obj
 0001:0001d500       cv_script_init_saturation  000000018001e500 f   sfc_debug:sfcdebug.obj
 0001:0001d5b0       cv_script_init_if          000000018001e5b0 f   sfc_debug:sfcdebug.obj
 0001:0001d670       cv_script_init_for         000000018001e670 f   sfc_debug:sfcdebug.obj
 0001:0001d720       cv_script_init_while       000000018001e720 f   sfc_debug:sfcdebug.obj
 0001:0001d7d0       cv_script_init_mcdc        000000018001e7d0 f   sfc_debug:sfcdebug.obj
 0001:0001d8d0       cv_script_init_relational  000000018001e8d0 f   sfc_debug:sfcdebug.obj
 0001:0001d990       cv_script_init_switch      000000018001e990 f   sfc_debug:sfcdebug.obj
 0001:0001da70       cv_script_eval             000000018001ea70 f   sfc_debug:sfcdebug.obj
 0001:0001db40       eml_debug_line_call        000000018001eb40 f   sfc_debug:sfcdebug.obj
 0001:0001dd10       sf_debug_terminate         000000018001ed10 f   sfc_debug:sfcdebug.obj
 0001:0001df20       sf_debug_set_script_cv_ids 000000018001ef20 f   sfc_debug:sfcdebug.obj
 0001:0001e050       sf_debug_api               000000018001f050 f   sfc_debug:sfc_api.obj
 0001:0001f810       sf_debug_sm_terminate      0000000180020810 f   sfc_debug:sfdb_animation.obj
 0001:0001f9c0       sf_debug_reset_path_objects 00000001800209c0 f   sfc_debug:sfdb_animation.obj
 0001:0001fa40       sf_debug_sm_reset_object_selection_status 0000000180020a40 f   sfc_debug:sfdb_animation.obj
 0001:0001fae0       sf_debug_sm_reset_state_buffer 0000000180020ae0 f   sfc_debug:sfdb_animation.obj
 0001:0001fbb0       sf_debug_sm_store_state_buffer 0000000180020bb0 f   sfc_debug:sfdb_animation.obj
 0001:0001fc30       sf_debug_sm_restore_state_buffer1 0000000180020c30 f   sfc_debug:sfdb_animation.obj
 0001:0001fca0       sf_debug_sm_restore_state_buffer2 0000000180020ca0 f   sfc_debug:sfdb_animation.obj
 0001:0001fd10       sf_debug_sm_chart_active   0000000180020d10 f   sfc_debug:sfdb_animation.obj
 0001:0001fd60       sf_debug_sm_select_active_objects 0000000180020d60 f   sfc_debug:sfdb_animation.obj
 0001:00020230       sf_debug_sm_is_chart_active 0000000180021230 f   sfc_debug:sfdb_animation.obj
 0001:00020270       sf_debug_sm_is_state_active 0000000180021270 f   sfc_debug:sfdb_animation.obj
 0001:000204b0       sf_debug_sm_get_active_states 00000001800214b0 f   sfc_debug:sfdb_animation.obj
 0001:00020a60       sf_debug_sm_initialize_instance 0000000180021a60 f   sfc_debug:sfdb_animation.obj
 0001:00020c70       sf_debug_sm_change_object_selection_status 0000000180021c70 f   sfc_debug:sfdb_animation.obj
 0001:00020f40       cv_create_interface        0000000180021f40 f   sfc_debug:cv_sfinterface.obj
 0001:00021250       cv_init_trans              0000000180022250 f   sfc_debug:cv_sfinterface.obj
 0001:000212a0       cv_init_saturation         00000001800222a0 f   sfc_debug:cv_sfinterface.obj
 0001:000212e0       cv_init_relationalop       00000001800222e0 f   sfc_debug:cv_sfinterface.obj
 0001:00021330       cv_init_testobjective      0000000180022330 f   sfc_debug:cv_sfinterface.obj
 0001:00021370       cv_init_state              0000000180022370 f   sfc_debug:cv_sfinterface.obj
 0001:000213e0       cv_init_chart              00000001800223e0 f   sfc_debug:cv_sfinterface.obj
 0001:00021430       cv_dec_update_call         0000000180022430 f   sfc_debug:cv_sfinterface.obj
 0001:00021470       cv_cond_update_call        0000000180022470 f   sfc_debug:cv_sfinterface.obj
 0001:000214b0       cv_saturation_update_call  00000001800224b0 f   sfc_debug:cv_sfinterface.obj
 0001:000214f0       cv_saturation_update_accum 00000001800224f0 f   sfc_debug:cv_sfinterface.obj
 0001:00021530       cv_testobjective_update_call 0000000180022530 f   sfc_debug:cv_sfinterface.obj
 0001:00021570       cv_sigrange_update         0000000180022570 f   sfc_debug:cv_sfinterface.obj
 0001:000215b0       cvsf_eml_eval              00000001800225b0 f   sfc_debug:cv_sfinterface.obj
 0001:00021690       cvsf_eval_relational       0000000180022690 f   sfc_debug:cv_sfinterface.obj
 0001:000216e0       cvsf_eml_init_script       00000001800226e0 f   sfc_debug:cv_sfinterface.obj
 0001:00021770       cvsf_eml_init_fcn          0000000180022770 f   sfc_debug:cv_sfinterface.obj
 0001:000217d0       cvsf_eml_init_testobjective 00000001800227d0 f   sfc_debug:cv_sfinterface.obj
 0001:00021830       cvsf_eml_init_saturation   0000000180022830 f   sfc_debug:cv_sfinterface.obj
 0001:00021880       cvsf_eml_init_if           0000000180022880 f   sfc_debug:cv_sfinterface.obj
 0001:000218e0       cvsf_eml_init_for          00000001800228e0 f   sfc_debug:cv_sfinterface.obj
 0001:00021930       cvsf_eml_init_while        0000000180022930 f   sfc_debug:cv_sfinterface.obj
 0001:00021980       cvsf_eml_init_mcdc         0000000180022980 f   sfc_debug:cv_sfinterface.obj
 0001:00021a10       cvsf_eml_init_relational   0000000180022a10 f   sfc_debug:cv_sfinterface.obj
 0001:00021a60       cvsf_eml_init_switch       0000000180022a60 f   sfc_debug:cv_sfinterface.obj
 0001:00021ad0       cvsf_script_eval           0000000180022ad0 f   sfc_debug:cv_sfinterface.obj
 0001:00021bb0       cvsf_script_init_script    0000000180022bb0 f   sfc_debug:cv_sfinterface.obj
 0001:00021c40       cvsf_script_init_fcn       0000000180022c40 f   sfc_debug:cv_sfinterface.obj
 0001:00021ca0       cvsf_script_init_testobjective 0000000180022ca0 f   sfc_debug:cv_sfinterface.obj
 0001:00021d00       cvsf_script_init_saturation 0000000180022d00 f   sfc_debug:cv_sfinterface.obj
 0001:00021d50       cvsf_script_init_if        0000000180022d50 f   sfc_debug:cv_sfinterface.obj
 0001:00021db0       cvsf_script_init_for       0000000180022db0 f   sfc_debug:cv_sfinterface.obj
 0001:00021e00       cvsf_script_init_while     0000000180022e00 f   sfc_debug:cv_sfinterface.obj
 0001:00021e50       cvsf_script_init_mcdc      0000000180022e50 f   sfc_debug:cv_sfinterface.obj
 0001:00021ee0       cvsf_script_init_relational 0000000180022ee0 f   sfc_debug:cv_sfinterface.obj
 0001:00021f30       cvsf_script_init_switch    0000000180022f30 f   sfc_debug:cv_sfinterface.obj
 0001:00021fa0       cv_destroy_interface       0000000180022fa0 f   sfc_debug:cv_sfinterface.obj
 0001:00021fc0       cv_create_instance_objects 0000000180022fc0 f   sfc_debug:cv_sfinterface.obj
 0001:00022430       cv_is_enabled              0000000180023430 f   sfc_debug:cv_sfinterface.obj
 0001:00022440       sf_debug_cv_initialize_script 0000000180023440 f   sfc_debug:cv_sfinterface.obj
 0001:000225d0       sf_debug_cv_initialize_instance 00000001800235d0 f   sfc_debug:cv_sfinterface.obj
 0001:00022960       sf_debug_cv_terminate_chart 0000000180023960 f   sfc_debug:cv_sfinterface.obj
 0001:00022a80       sf_debug_st_initialize_machine 0000000180023a80 f   sfc_debug:sfdb_data_browse.obj
 0001:00022b30       sf_debug_st_initialize_instance 0000000180023b30 f   sfc_debug:sfdb_data_browse.obj
 0001:00022d40       sf_debug_st_terminate      0000000180023d40 f   sfc_debug:sfdb_data_browse.obj
 0001:000230e0       sf_debug_st_set_data_value_ptr_in_machine 00000001800240e0 f   sfc_debug:sfdb_data_browse.obj
 0001:00023170       sf_debug_st_set_data_value_ptr_in_instance 0000000180024170 f   sfc_debug:sfdb_data_browse.obj
 0001:00023250       sf_debug_st_unset_data_value_ptr_in_machine 0000000180024250 f   sfc_debug:sfdb_data_browse.obj
 0001:000232c0       sf_debug_st_unset_data_value_ptr_in_instance 00000001800242c0 f   sfc_debug:sfdb_data_browse.obj
 0001:00023580       sf_debug_mx_value          0000000180024580 f   sfc_debug:sfdb_data_browse.obj
 0001:000235e0       sf_debug_mx_packed_vector  00000001800245e0 f   sfc_debug:sfdb_data_browse.obj
 0001:000236c0       sf_debug_mx_uint_vector    00000001800246c0 f   sfc_debug:sfdb_data_browse.obj
 0001:00023770       sf_debug_st_get_double_value_from_void_ptr_vector 0000000180024770 f   sfc_debug:sfdb_data_browse.obj
 0001:00024240       sf_debug_st_browse_data    0000000180025240 f   sfc_debug:sfdb_data_browse.obj
 0001:00024a60       sf_debug_hm_initialize_instance 0000000180025a60 f   sfc_debug:sfdb_handle_management.obj
 0001:00024f40       sf_debug_hm_get_object_id  0000000180025f40 f   sfc_debug:sfdb_handle_management.obj
 0001:00025af0       sf_debug_hm_update_chart_visibility 0000000180026af0 f   sfc_debug:sfdb_handle_management.obj
 0001:00026c70       sf_debug_object_is_eml_function 0000000180027c70 f   sfc_debug:sfdb_handle_management.obj
 0001:00026ce0       sf_debug_hm_initialize_ids_in_machine 0000000180027ce0 f   sfc_debug:sfdb_handle_management.obj
 0001:00026e50       sf_debug_hm_initialize_ids_in_chart 0000000180027e50 f   sfc_debug:sfdb_handle_management.obj
 0001:00026f50       sf_debug_hm_initialize_chart 0000000180027f50 f   sfc_debug:sfdb_handle_management.obj
 0001:00027580       sf_debug_hm_terminate      0000000180028580 f   sfc_debug:sfdb_handle_management.obj
 0001:000275e0       sf_debug_hm_initialize_machine 00000001800285e0 f   sfc_debug:sfdb_handle_management.obj
 0001:00027d00       sf_debug_ss_initialize     0000000180028d00 f   sfc_debug:sfdb_symbol_scope.obj
 0001:00027d20       sf_debug_ss_terminate      0000000180028d20 f   sfc_debug:sfdb_symbol_scope.obj
 0001:00027db0       sf_debug_ss_push_symbol_scope 0000000180028db0 f   sfc_debug:sfdb_symbol_scope.obj
 0001:00027eb0       sf_debug_ss_push_symbol_scope_eml 0000000180028eb0 f   sfc_debug:sfdb_symbol_scope.obj
 0001:00027f10       sf_debug_ss_pop_symbol_scope 0000000180028f10 f   sfc_debug:sfdb_symbol_scope.obj
 0001:00027fc0       sf_debug_ss_add_symbol     0000000180028fc0 f   sfc_debug:sfdb_symbol_scope.obj
 0001:00028130       sf_debug_ss_add_symbol_eml 0000000180029130 f   sfc_debug:sfdb_symbol_scope.obj
 0001:00029030       sf_debug_ss_set_data_value 000000018002a030 f   sfc_debug:sfdb_symbol_scope.obj
 0001:00029540       sf_debug_ss_watch_data     000000018002a540 f   sfc_debug:sfdb_symbol_scope.obj
 0001:00029720       sf_debug_ss_assign_data    000000018002a720 f   sfc_debug:sfdb_symbol_scope.obj
 0001:0002a0f0       get_data_entry_name        000000018002b0f0 f   sfc_debug:sfdb_symbol_scope.obj
 0001:0002a140       sf_debug_ss_whos           000000018002b140 f   sfc_debug:sfdb_symbol_scope.obj
 0001:0002a7a0       sf_debug_bm_clear_script_breakpoints 000000018002b7a0 f   sfc_debug:sfdb_breakpoints.obj
 0001:0002a7d0       sf_debug_bm_set_script_breakpoint 000000018002b7d0 f   sfc_debug:sfdb_breakpoints.obj
 0001:0002a850       sf_debug_bm_clear_single_script_breakpoint 000000018002b850 f   sfc_debug:sfdb_breakpoints.obj
 0001:0002a8d0       sf_debug_bm_query_script_breakpoint 000000018002b8d0 f   sfc_debug:sfdb_breakpoints.obj
 0001:0002a920       sf_debug_bm_initialize_scripts 000000018002b920 f   sfc_debug:sfdb_breakpoints.obj
 0001:0002afb0       sf_debug_bm_terminate      000000018002bfb0 f   sfc_debug:sfdb_breakpoints.obj
 0001:0002b290       sf_debug_bm_remove_all_breakpoints_in_machine 000000018002c290 f   sfc_debug:sfdb_breakpoints.obj
 0001:0002b2f0       sf_debug_bm_remove_all_breakpoints_in_chart 000000018002c2f0 f   sfc_debug:sfdb_breakpoints.obj
 0001:0002b440       sf_debug_bm_initialize_global_breakpoints 000000018002c440 f   sfc_debug:sfdb_breakpoints.obj
 0001:0002b5c0       sf_debug_bm_set_breakpoint 000000018002c5c0 f   sfc_debug:sfdb_breakpoints.obj
 0001:0002bbb0       sf_debug_bm_set_eml_breakpoint 000000018002cbb0 f   sfc_debug:sfdb_breakpoints.obj
 0001:0002bc40       sf_debug_bm_initialize_machine_breakpoint_map 000000018002cc40 f   sfc_debug:sfdb_breakpoints.obj
 0001:0002c060       sf_debug_bm_is_a_breakpoint 000000018002d060 f   sfc_debug:sfdb_breakpoints.obj
 0001:0002c590       sf_debug_bm_get_all_breakpoints_in_machine 000000018002d590 f   sfc_debug:sfdb_breakpoints.obj
 0001:0002c890       sf_debug_bm_get_all_breakpoints_in_chart 000000018002d890 f   sfc_debug:sfdb_breakpoints.obj
 0001:0002d410       sf_debug_bm_initialize_machine 000000018002e410 f   sfc_debug:sfdb_breakpoints.obj
 0001:0002d4e0       sf_debug_bm_initialize_chart 000000018002e4e0 f   sfc_debug:sfdb_breakpoints.obj
 0001:0002d8d0       sf_debug_sc_terminate      000000018002e8d0 f   sfc_debug:sfdb_state_consistency.obj
 0001:0002dbf0       sf_debug_sc_is_chart_consistent 000000018002ebf0 f   sfc_debug:sfdb_state_consistency.obj
 0001:0002dea0       sf_debug_sc_get_consistency_error_info 000000018002eea0 f   sfc_debug:sfdb_state_consistency.obj
 0001:0002e2d0       sf_debug_tm_terminate      000000018002f2d0 f   sfc_debug:sfdb_call_stack.obj
 0001:0002e380       sf_debug_tm_push_chart_instance 000000018002f380 f   sfc_debug:sfdb_call_stack.obj
 0001:0002e4c0       sf_debug_tm_pop_chart_instance 000000018002f4c0 f   sfc_debug:sfdb_call_stack.obj
 0001:0002e520       sf_debug_tm_push_trace_node 000000018002f520 f   sfc_debug:sfdb_call_stack.obj
 0001:0002e6a0       sf_debug_tm_pop_trace_node 000000018002f6a0 f   sfc_debug:sfdb_call_stack.obj
 0001:0002e720       sf_debug_tm_get_current_global_trace_index 000000018002f720 f   sfc_debug:sfdb_call_stack.obj
 0001:0002e730       sf_debug_tm_get_current_local_trace_index 000000018002f730 f   sfc_debug:sfdb_call_stack.obj
 0001:0002e760       sf_debug_tm_set_cycle_detected_flag 000000018002f760 f   sfc_debug:sfdb_call_stack.obj
 0001:0002e7a0       sf_debug_tm_set_cycle_started_flag 000000018002f7a0 f   sfc_debug:sfdb_call_stack.obj
 0001:0002e7e0       sf_debug_tm_get_chart_number_from_stack 000000018002f7e0 f   sfc_debug:sfdb_call_stack.obj
 0001:0002ea00       sf_debug_tm_browse_trace   000000018002fa00 f   sfc_debug:sfdb_call_stack.obj
 0001:0002ed50       sf_debug_cd_initialize_instance 000000018002fd50 f   sfc_debug:sfdb_cycle_detection.obj
 0001:0002f000       sf_debug_cd_mark_processed_transition_in_instance 0000000180030000 f   sfc_debug:sfdb_cycle_detection.obj
 0001:0002f0a0       sf_debug_cd_checksum_push  00000001800300a0 f   sfc_debug:sfdb_cycle_detection.obj
 0001:0002f350       sf_debug_cd_checksum_pop   0000000180030350 f   sfc_debug:sfdb_cycle_detection.obj
 0001:0002f3c0       sf_debug_cd_turn_off_cycle_detection 00000001800303c0 f   sfc_debug:sfdb_cycle_detection.obj
 0001:0002f410       sf_debug_cd_terminate      0000000180030410 f   sfc_debug:sfdb_cycle_detection.obj
 0001:0002f640       md5_initialize_state       0000000180030640 f   sfc_debug:ckmd5.obj
 0001:00030090       md5_update_state           0000000180031090 f   sfc_debug:ckmd5.obj
 0001:000300b0       md5_get_hash               00000001800310b0 f   sfc_debug:ckmd5.obj
 0001:000300e0       md5_get_hash_for_a_single_string 00000001800310e0 f   sfc_debug:ckmd5.obj
 0001:00030140       mxGetScalar                0000000180031140 f   libmx:libmx.dll
 0001:00030146       mxGetPr                    0000000180031146 f   libmx:libmx.dll
 0001:0003014c       mxCreateDoubleMatrix_730   000000018003114c f   libmx:libmx.dll
 0001:00030152       mxGetString_730            0000000180031152 f   libmx:libmx.dll
 0001:00030158       mxIsChar                   0000000180031158 f   libmx:libmx.dll
 0001:0003015e       mxDestroyArray             000000018003115e f   libmx:libmx.dll
 0001:00030164       mxCreateString             0000000180031164 f   libmx:libmx.dll
 0001:0003016a       mxGetClassID               000000018003116a f   libmx:libmx.dll
 0001:00030170       mxIsNumeric                0000000180031170 f   libmx:libmx.dll
 0001:00030176       mxIsComplex                0000000180031176 f   libmx:libmx.dll
 0001:0003017c       mxGetN                     000000018003117c f   libmx:libmx.dll
 0001:00030182       mxGetM                     0000000180031182 f   libmx:libmx.dll
 0001:00030188       mxCalloc                   0000000180031188 f   libmx:libmx.dll
 0001:0003018e       mxGetString_700            000000018003118e f   libmx:libmx.dll
 0001:00030194       mxCreateDoubleScalar       0000000180031194 f   libmx:libmx.dll
 0001:0003019a       mxFree                     000000018003119a f   libmx:libmx.dll
 0001:000301a0       mxArrayToString            00000001800311a0 f   libmx:libmx.dll
 0001:000301a6       mxGetNumberOfElements      00000001800311a6 f   libmx:libmx.dll
 0001:000301ac       mxDuplicateArray           00000001800311ac f   libmx:libmx.dll
 0001:000301b2       mxGetField_700             00000001800311b2 f   libmx:libmx.dll
 0001:000301b8       mxSetFieldByNumber_700     00000001800311b8 f   libmx:libmx.dll
 0001:000301be       mxCreateStructArray_700    00000001800311be f   libmx:libmx.dll
 0001:000301c4       mxGetData                  00000001800311c4 f   libmx:libmx.dll
 0001:000301ca       mxCreateNumericArray_700   00000001800311ca f   libmx:libmx.dll
 0001:000301d0       mxIsLogical                00000001800311d0 f   libmx:libmx.dll
 0001:000301d6       mxCreateDoubleMatrix_700   00000001800311d6 f   libmx:libmx.dll
 0001:000301dc       mxGetProperty_700          00000001800311dc f   libmx:libmx.dll
 0001:000301e2       mxCreateCellMatrix_700     00000001800311e2 f   libmx:libmx.dll
 0001:000301e8       mxSetCell_700              00000001800311e8 f   libmx:libmx.dll
 0001:000301ee       mxGetCell_700              00000001800311ee f   libmx:libmx.dll
 0001:000301f4       mxGetClassName             00000001800311f4 f   libmx:libmx.dll
 0001:000301fa       mxSetField_700             00000001800311fa f   libmx:libmx.dll
 0001:00030200       mxAddField                 0000000180031200 f   libmx:libmx.dll
 0001:00030206       mxIsStruct                 0000000180031206 f   libmx:libmx.dll
 0001:0003020c       mxIsA                      000000018003120c f   libmx:libmx.dll
 0001:00030212       mxIsClass                  0000000180031212 f   libmx:libmx.dll
 0001:00030218       mxGetLogicals              0000000180031218 f   libmx:libmx.dll
 0001:0003021e       mxIsSparse                 000000018003121e f   libmx:libmx.dll
 0001:00030224       mxIsCell                   0000000180031224 f   libmx:libmx.dll
 0001:0003022a       mxGetFieldByNumber_700     000000018003122a f   libmx:libmx.dll
 0001:00030230       mxGetFieldNameByNumber     0000000180031230 f   libmx:libmx.dll
 0001:00030236       mxGetNumberOfFields        0000000180031236 f   libmx:libmx.dll
 0001:0003023c       mxCreateStructMatrix_700   000000018003123c f   libmx:libmx.dll
 0001:00030242       mxGetFieldNumber           0000000180031242 f   libmx:libmx.dll
 0001:00030248       mxIsNaN                    0000000180031248 f   libmx:libmx.dll
 0001:0003024e       mxIsEmpty                  000000018003124e f   libmx:libmx.dll
 0001:00030254       mxGetImagData              0000000180031254 f   libmx:libmx.dll
 0001:0003025a       mxArrayClassIDName         000000018003125a f   libmx:libmx.dll
 0001:00030260       mxCreateNumericMatrix_700  0000000180031260 f   libmx:libmx.dll
 0001:00030266       mxCalcSingleSubscript_700  0000000180031266 f   libmx:libmx.dll
 0001:0003026c       mxGetDimensions_700        000000018003126c f   libmx:libmx.dll
 0001:00030272       mxGetNumberOfDimensions_700 0000000180031272 f   libmx:libmx.dll
 0001:00030278       mxGetElementSize           0000000180031278 f   libmx:libmx.dll
 0001:0003027e       mxCreateStringFromNChars_700 000000018003127e f   libmx:libmx.dll
 0001:00030284       mxSetFieldByNumber_730     0000000180031284 f   libmx:libmx.dll
 0001:0003028a       mxCreateStructMatrix_730   000000018003128a f   libmx:libmx.dll
 0001:00030290       mxIsLogicalScalarTrue      0000000180031290 f   libmx:libmx.dll
 0001:00030296       mxCreateNumericArray_730   0000000180031296 f   libmx:libmx.dll
 0001:0003029c       mxCreateLogicalScalar      000000018003129c f   libmx:libmx.dll
 0001:000302a2       mxGetDimensions_730        00000001800312a2 f   libmx:libmx.dll
 0001:000302a8       mxGetNumberOfDimensions_730 00000001800312a8 f   libmx:libmx.dll
 0001:000302ae       mxGetFieldByNumber_730     00000001800312ae f   libmx:libmx.dll
 0001:000302b4       mxSetCell_730              00000001800312b4 f   libmx:libmx.dll
 0001:000302ba       mxCreateCellMatrix_730     00000001800312ba f   libmx:libmx.dll
 0001:000302c0       mxGetCell_730              00000001800312c0 f   libmx:libmx.dll
 0001:000302c6       mexMakeArrayPersistent     00000001800312c6 f   libmex:libmex.dll
 0001:000302cc       mexUnlock                  00000001800312cc f   libmex:libmex.dll
 0001:000302d2       mexIsLocked                00000001800312d2 f   libmex:libmex.dll
 0001:000302d8       mexWarnMsgTxt              00000001800312d8 f   libmex:libmex.dll
 0001:000302de       mexCallMATLAB              00000001800312de f   libmex:libmex.dll
 0001:000302e4       mexErrMsgTxt               00000001800312e4 f   libmex:libmex.dll
 0001:000302ea       mexLock                    00000001800312ea f   libmex:libmex.dll
 0001:000302f0       mexMakeMemoryPersistent    00000001800312f0 f   libmex:libmex.dll
 0001:000302f6       mexCallMATLABWithTrap      00000001800312f6 f   libmex:libmex.dll
 0001:000302fc       mexPutVariable             00000001800312fc f   libmex:libmex.dll
 0001:00030302       mexGetVariable             0000000180031302 f   libmex:libmex.dll
 0001:00030308       mexFunctionName            0000000180031308 f   libmex:libmex.dll
 0001:0003030e       ssRegisterDataTypeFxpFSlopeFixExpBias 000000018003130e f   libfixedpoint:libfixedpoint.dll
 0001:00030314       ssRegisterDataTypeFxpScaledDouble 0000000180031314 f   libfixedpoint:libfixedpoint.dll
 0001:0003031a       utCPUtime                  000000018003131a f   libut:libut.dll
 0001:00030320       utVSNprintf                0000000180031320 f   libut:libut.dll
 0001:00030326       utFree                     0000000180031326 f   libut:libut.dll
 0001:0003032c       utMalloc                   000000018003132c f   libut:libut.dll
 0001:00030332       utCalloc                   0000000180031332 f   libut:libut.dll
 0001:00030338       utRealloc                  0000000180031338 f   libut:libut.dll
 0001:0003033e       emlrtCreateRootTLS         000000018003133e f   libemlrt:libemlrt.dll
 0001:00030344       emlrtDestroyRootTLS        0000000180031344 f   libemlrt:libemlrt.dll
 0001:0003034a       emlrtCheckBuiltInR2012b    000000018003134a f   libemlrt:libemlrt.dll
 0001:00030350       emlrtCheckVsBuiltInR2012b  0000000180031350 f   libemlrt:libemlrt.dll
 0001:00030356       emlrtCheckEnumR2012b       0000000180031356 f   libemlrt:libemlrt.dll
 0001:0003035c       emlrtCreateEnumR2012b      000000018003135c f   libemlrt:libemlrt.dll
 0001:00030362       emlrtGetEnumElementR2009a  0000000180031362 f   libemlrt:libemlrt.dll
 0001:00030368       emlrtCreateReference       0000000180031368 f   libemlrt:libemlrt.dll
 0001:0003036e       emlrtImportVsFiArrayR2009b 000000018003136e f   libemlrt:libemlrt.dll
 0001:00030374       emlrtNameCapturePostProcessR2012a 0000000180031374 f   libemlrt:libemlrt.dll
 0001:0003037a       emlrtExtractMessageId      000000018003137a f   libemlrt:libemlrt.dll
 0001:00030380       emlrtTranslateMessageIDtoLCPstring 0000000180031380 f   libemlrt:libemlrt.dll
 0001:00030386       emlrtForLoopVectorIsValidR2011b 0000000180031386 f   libemlrt:libemlrt.dll
 0001:0003038c       emlrtTranslateUTF16MessagetoLCPstring 000000018003138c f   libemlrt:libemlrt.dll
 0001:00030392       emlrtGetEnumUnderlyingArrayR2009a 0000000180031392 f   libemlrt:libemlrt.dll
 0001:00030398       emlrtIsEnumR2009a          0000000180031398 f   libemlrt:libemlrt.dll
 0001:0003039e       emlrtInitCharArrayR2013a   000000018003139e f   libemlrt:libemlrt.dll
 0001:000303b0       mpclib_initializer         00000001800313b0 f   mpclib_sfun:mpclib_sfun.obj
 0001:000303c0       mpclib_terminator          00000001800313c0 f   mpclib_sfun:mpclib_sfun.obj
 0001:000303d0       sf_mpclib_method_dispatcher 00000001800313d0 f   mpclib_sfun:mpclib_sfun.obj
 0001:00030440       sf_mpclib_process_check_sum_call 0000000180031440 f   mpclib_sfun:mpclib_sfun.obj
 0001:00030720       sf_mpclib_autoinheritance_info 0000000180031720 f   mpclib_sfun:mpclib_sfun.obj
 0001:000308e0       sf_mpclib_get_eml_resolved_functions_info 00000001800318e0 f   mpclib_sfun:mpclib_sfun.obj
 0001:00030a50       sf_mpclib_third_party_uses_info 0000000180031a50 f   mpclib_sfun:mpclib_sfun.obj
 0001:00030bd0       sf_mpclib_updateBuildInfo_args_info 0000000180031bd0 f   mpclib_sfun:mpclib_sfun.obj
 0001:00030d50       mpclib_debug_initialize    0000000180031d50 f   mpclib_sfun:mpclib_sfun.obj
 0001:00030de0       mpclib_register_exported_symbols 0000000180031de0 f   mpclib_sfun:mpclib_sfun.obj
 0001:00030df0       load_mpclib_optimization_info 0000000180031df0 f   mpclib_sfun:mpclib_sfun.obj
 0001:00030e40       unload_mpclib_optimization_info 0000000180031e40 f   mpclib_sfun:mpclib_sfun.obj
 0001:00030e70       sf_c4_mpclib_get_eml_resolved_functions_info 0000000180031e70 f   mpclib_sfun:c4_mpclib.obj
 0001:00031460       sf_c4_mpclib_get_check_sum 0000000180032460 f   mpclib_sfun:c4_mpclib.obj
 0001:000314e0       sf_c4_mpclib_get_autoinheritance_info 00000001800324e0 f   mpclib_sfun:c4_mpclib.obj
 0001:00032790       sf_c4_mpclib_third_party_uses_info 0000000180033790 f   mpclib_sfun:c4_mpclib.obj
 0001:000327c0       sf_c4_mpclib_updateBuildInfo_args_info 00000001800337c0 f   mpclib_sfun:c4_mpclib.obj
 0001:000327f0       sf_internal_get_sim_state_c4_mpclib 00000001800337f0 f   mpclib_sfun:c4_mpclib.obj
 0001:00032d90       sf_internal_set_sim_state_c4_mpclib 0000000180033d90 f   mpclib_sfun:c4_mpclib.obj
 0001:000335e0       c4_mpclib_method_dispatcher 00000001800345e0 f   mpclib_sfun:c4_mpclib.obj
 0001:000383f0       sf_c3_mpclib_get_eml_resolved_functions_info 00000001800393f0 f   mpclib_sfun:c3_mpclib.obj
 0001:00038470       sf_c3_mpclib_get_check_sum 0000000180039470 f   mpclib_sfun:c3_mpclib.obj
 0001:000384f0       sf_c3_mpclib_get_autoinheritance_info 00000001800394f0 f   mpclib_sfun:c3_mpclib.obj
 0001:0003dec0       sf_c3_mpclib_third_party_uses_info 000000018003eec0 f   mpclib_sfun:c3_mpclib.obj
 0001:0003def0       sf_c3_mpclib_updateBuildInfo_args_info 000000018003eef0 f   mpclib_sfun:c3_mpclib.obj
 0001:0003df20       sf_internal_get_sim_state_c3_mpclib 000000018003ef20 f   mpclib_sfun:c3_mpclib.obj
 0001:0003e610       sf_internal_set_sim_state_c3_mpclib 000000018003f610 f   mpclib_sfun:c3_mpclib.obj
 0001:0003eed0       c3_mpclib_method_dispatcher 000000018003fed0 f   mpclib_sfun:c3_mpclib.obj
 0001:0005397c       __GSHandlerCheckCommon     000000018005497c f   MSVCRT:gshandler.obj
 0001:000539e0       __GSHandlerCheck           00000001800549e0 f   MSVCRT:gshandler.obj
 0001:000539fe       strcmp                     00000001800549fe f   MSVCRT:MSVCR100.dll
 0001:00053a20       __security_check_cookie    0000000180054a20 f   MSVCRT:amdsecgs.obj
 0001:00053a40       free                       0000000180054a40 f   MSVCRT:MSVCR100.dll
 0001:00053a46       sprintf                    0000000180054a46 f   MSVCRT:MSVCR100.dll
 0001:00053a4c       malloc                     0000000180054a4c f   MSVCRT:MSVCR100.dll
 0001:00053a52       strlen                     0000000180054a52 f   MSVCRT:MSVCR100.dll
 0001:00053a58       strcat                     0000000180054a58 f   MSVCRT:MSVCR100.dll
 0001:00053a5e       memcpy                     0000000180054a5e f   MSVCRT:MSVCR100.dll
 0001:00053a64       NtCurrentTeb               0000000180054a64 f i MSVCRT:crtdll.obj
 0001:00053ad0       _CRT_INIT                  0000000180054ad0 f   MSVCRT:crtdll.obj
 0001:00053e68       _DllMainCRTStartup         0000000180054e68 f   MSVCRT:crtdll.obj
 0001:00053ea6       _setjmp                    0000000180054ea6 f   MSVCRT:MSVCR100.dll
 0001:00053eac       strncpy                    0000000180054eac f   MSVCRT:MSVCR100.dll
 0001:00053ed0       __chkstk                   0000000180054ed0 f   MSVCRT:chkstk.obj
 0001:00053ed0       _alloca_probe              0000000180054ed0     MSVCRT:chkstk.obj
 0001:00053f1e       longjmp                    0000000180054f1e f   MSVCRT:MSVCR100.dll
 0001:00053f24       strncmp                    0000000180054f24 f   MSVCRT:MSVCR100.dll
 0001:00053f2a       ceil                       0000000180054f2a f   MSVCRT:MSVCR100.dll
 0001:00053f30       strrchr                    0000000180054f30 f   MSVCRT:MSVCR100.dll
 0001:00053f36       memset                     0000000180054f36 f   MSVCRT:MSVCR100.dll
 0001:00053f3c       ldexp                      0000000180054f3c f   MSVCRT:MSVCR100.dll
 0001:00053f44       __report_gsfailure         0000000180054f44 f   MSVCRT:gs_report.obj
 0001:00054090       __clean_type_info_names    0000000180055090 f   MSVCRT:tncleanup.obj
 0001:0005409c       _onexit                    000000018005509c f   MSVCRT:atonexit.obj
 0001:0005414c       atexit                     000000018005514c f   MSVCRT:atonexit.obj
 0001:00054164       _RTC_Initialize            0000000180055164 f   MSVCRT:_initsect_.obj
 0001:0005419c       _RTC_Terminate             000000018005519c f   MSVCRT:_initsect_.obj
 0001:000541d4       _malloc_crt                00000001800551d4 f   MSVCRT:MSVCR100.dll
 0001:000541e0       _ValidateImageBase         00000001800551e0 f   MSVCRT:pesect.obj
 0001:00054210       _FindPESection             0000000180055210 f   MSVCRT:pesect.obj
 0001:00054260       _IsNonwritableInCurrentImage 0000000180055260 f   MSVCRT:pesect.obj
 0001:000542a2       _initterm                  00000001800552a2 f   MSVCRT:MSVCR100.dll
 0001:000542a8       _initterm_e                00000001800552a8 f   MSVCRT:MSVCR100.dll
 0001:000542ae       _encoded_null              00000001800552ae f   MSVCRT:MSVCR100.dll
 0001:000542b4       _amsg_exit                 00000001800552b4 f   MSVCRT:MSVCR100.dll
 0001:000542ba       __C_specific_handler       00000001800552ba f   MSVCRT:MSVCR100.dll
 0001:000542c0       __CppXcptFilter            00000001800552c0 f   MSVCRT:MSVCR100.dll
 0001:000542c8       DllMain                    00000001800552c8 f   MSVCRT:dllmain.obj
 0001:000542ec       __security_init_cookie     00000001800552ec f   MSVCRT:gs_support.obj
 0001:000543a0       __crt_debugger_hook        00000001800553a0 f   MSVCRT:MSVCR100.dll
 0001:000543a6       __clean_type_info_names_internal 00000001800553a6 f   MSVCRT:MSVCR100.dll
 0001:000543ac       _unlock                    00000001800553ac f   MSVCRT:MSVCR100.dll
 0001:000543b2       __dllonexit                00000001800553b2 f   MSVCRT:MSVCR100.dll
 0001:000543b8       _lock                      00000001800553b8 f   MSVCRT:MSVCR100.dll
 0001:000543be       EncodePointer              00000001800553be f   kernel32:KERNEL32.dll
 0001:000543c4       DecodePointer              00000001800553c4 f   kernel32:KERNEL32.dll
 0001:000543ca       Sleep                      00000001800553ca f   kernel32:KERNEL32.dll
 0001:000543d0       TerminateProcess           00000001800553d0 f   kernel32:KERNEL32.dll
 0001:000543d6       GetCurrentProcess          00000001800553d6 f   kernel32:KERNEL32.dll
 0001:000543dc       UnhandledExceptionFilter   00000001800553dc f   kernel32:KERNEL32.dll
 0001:000543e2       SetUnhandledExceptionFilter 00000001800553e2 f   kernel32:KERNEL32.dll
 0001:000543e8       IsDebuggerPresent          00000001800553e8 f   kernel32:KERNEL32.dll
 0001:000543ee       RtlVirtualUnwind           00000001800553ee f   kernel32:KERNEL32.dll
 0001:000543f4       RtlLookupFunctionEntry     00000001800553f4 f   kernel32:KERNEL32.dll
 0001:000543fa       RtlCaptureContext          00000001800553fa f   kernel32:KERNEL32.dll
 0001:00054400       DisableThreadLibraryCalls  0000000180055400 f   kernel32:KERNEL32.dll
 0001:00054406       QueryPerformanceCounter    0000000180055406 f   kernel32:KERNEL32.dll
 0001:0005440c       GetTickCount               000000018005540c f   kernel32:KERNEL32.dll
 0001:00054412       GetCurrentThreadId         0000000180055412 f   kernel32:KERNEL32.dll
 0001:00054418       GetCurrentProcessId        0000000180055418 f   kernel32:KERNEL32.dll
 0001:0005441e       GetSystemTimeAsFileTime    000000018005541e f   kernel32:KERNEL32.dll
 0001:00054424       mxSetField_730             0000000180055424 f   libmx:libmx.dll
 0002:00000000       __imp_RtlCaptureContext    0000000180056000     kernel32:KERNEL32.dll
 0002:00000008       __imp_RtlLookupFunctionEntry 0000000180056008     kernel32:KERNEL32.dll
 0002:00000010       __imp_RtlVirtualUnwind     0000000180056010     kernel32:KERNEL32.dll
 0002:00000018       __imp_IsDebuggerPresent    0000000180056018     kernel32:KERNEL32.dll
 0002:00000020       __imp_SetUnhandledExceptionFilter 0000000180056020     kernel32:KERNEL32.dll
 0002:00000028       __imp_UnhandledExceptionFilter 0000000180056028     kernel32:KERNEL32.dll
 0002:00000030       __imp_GetCurrentProcess    0000000180056030     kernel32:KERNEL32.dll
 0002:00000038       __imp_TerminateProcess     0000000180056038     kernel32:KERNEL32.dll
 0002:00000040       __imp_Sleep                0000000180056040     kernel32:KERNEL32.dll
 0002:00000048       __imp_DecodePointer        0000000180056048     kernel32:KERNEL32.dll
 0002:00000050       __imp_EncodePointer        0000000180056050     kernel32:KERNEL32.dll
 0002:00000058       __imp_GetSystemTimeAsFileTime 0000000180056058     kernel32:KERNEL32.dll
 0002:00000060       __imp_GetCurrentProcessId  0000000180056060     kernel32:KERNEL32.dll
 0002:00000068       __imp_GetCurrentThreadId   0000000180056068     kernel32:KERNEL32.dll
 0002:00000070       __imp_GetTickCount         0000000180056070     kernel32:KERNEL32.dll
 0002:00000078       __imp_QueryPerformanceCounter 0000000180056078     kernel32:KERNEL32.dll
 0002:00000080       __imp_DisableThreadLibraryCalls 0000000180056080     kernel32:KERNEL32.dll
 0002:00000088       \177KERNEL32_NULL_THUNK_DATA 0000000180056088     kernel32:KERNEL32.dll
 0002:00000090       __imp___CppXcptFilter      0000000180056090     MSVCRT:MSVCR100.dll
 0002:00000098       __imp___C_specific_handler 0000000180056098     MSVCRT:MSVCR100.dll
 0002:000000a0       __imp__amsg_exit           00000001800560a0     MSVCRT:MSVCR100.dll
 0002:000000a8       __imp__encoded_null        00000001800560a8     MSVCRT:MSVCR100.dll
 0002:000000b0       __imp__initterm_e          00000001800560b0     MSVCRT:MSVCR100.dll
 0002:000000b8       __imp__initterm            00000001800560b8     MSVCRT:MSVCR100.dll
 0002:000000c0       __imp__malloc_crt          00000001800560c0     MSVCRT:MSVCR100.dll
 0002:000000c8       __imp_ldexp                00000001800560c8     MSVCRT:MSVCR100.dll
 0002:000000d0       __imp_memset               00000001800560d0     MSVCRT:MSVCR100.dll
 0002:000000d8       __imp_strrchr              00000001800560d8     MSVCRT:MSVCR100.dll
 0002:000000e0       __imp_ceil                 00000001800560e0     MSVCRT:MSVCR100.dll
 0002:000000e8       __imp_strncmp              00000001800560e8     MSVCRT:MSVCR100.dll
 0002:000000f0       __imp_longjmp              00000001800560f0     MSVCRT:MSVCR100.dll
 0002:000000f8       __imp_strncpy              00000001800560f8     MSVCRT:MSVCR100.dll
 0002:00000100       __imp_memcpy               0000000180056100     MSVCRT:MSVCR100.dll
 0002:00000108       __imp_strcat               0000000180056108     MSVCRT:MSVCR100.dll
 0002:00000110       __imp_strlen               0000000180056110     MSVCRT:MSVCR100.dll
 0002:00000118       __imp_malloc               0000000180056118     MSVCRT:MSVCR100.dll
 0002:00000120       __imp_sprintf              0000000180056120     MSVCRT:MSVCR100.dll
 0002:00000128       __imp_free                 0000000180056128     MSVCRT:MSVCR100.dll
 0002:00000130       __imp_strcmp               0000000180056130     MSVCRT:MSVCR100.dll
 0002:00000138       __imp__onexit              0000000180056138     MSVCRT:MSVCR100.dll
 0002:00000140       __imp__setjmp              0000000180056140     MSVCRT:MSVCR100.dll
 0002:00000148       __imp__lock                0000000180056148     MSVCRT:MSVCR100.dll
 0002:00000150       __imp___dllonexit          0000000180056150     MSVCRT:MSVCR100.dll
 0002:00000158       __imp__unlock              0000000180056158     MSVCRT:MSVCR100.dll
 0002:00000160       __imp___clean_type_info_names_internal 0000000180056160     MSVCRT:MSVCR100.dll
 0002:00000168       __imp___crt_debugger_hook  0000000180056168     MSVCRT:MSVCR100.dll
 0002:00000170       \177MSVCR100_NULL_THUNK_DATA 0000000180056170     MSVCRT:MSVCR100.dll
 0002:00000178       __imp_emlrtExtractMessageId 0000000180056178     libemlrt:libemlrt.dll
 0002:00000180       __imp_emlrtNameCapturePostProcessR2012a 0000000180056180     libemlrt:libemlrt.dll
 0002:00000188       __imp_emlrtImportVsFiArrayR2009b 0000000180056188     libemlrt:libemlrt.dll
 0002:00000190       __imp_emlrtCreateReference 0000000180056190     libemlrt:libemlrt.dll
 0002:00000198       __imp_emlrtGetEnumElementR2009a 0000000180056198     libemlrt:libemlrt.dll
 0002:000001a0       __imp_emlrtCreateEnumR2012b 00000001800561a0     libemlrt:libemlrt.dll
 0002:000001a8       __imp_emlrtCheckEnumR2012b 00000001800561a8     libemlrt:libemlrt.dll
 0002:000001b0       __imp_emlrtCheckVsBuiltInR2012b 00000001800561b0     libemlrt:libemlrt.dll
[...]
 0001:0001f5b0       sfc_get_current_active_event_type 00000001800205b0 f   sfc_debug:sfc_api.obj
 0001:0001f5e0       sfc_api_get_current_active_event_id 00000001800205e0 f   sfc_debug:sfc_api.obj
 0001:0001f610       sfc_api_get_current_simulation_time 0000000180020610 f   sfc_debug:sfc_api.obj
 0001:0001f630       sfc_get_current_tag_type   0000000180020630 f   sfc_debug:sfc_api.obj
 0001:0001f660       sfc_get_current_statement_context 0000000180020660 f   sfc_debug:sfc_api.obj
 0001:0001f680       sfc_get_current_optional_integer 0000000180020680 f   sfc_debug:sfc_api.obj
 0001:0001f6b0       sfc_api_get                00000001800206b0 f   sfc_debug:sfc_api.obj
 0001:000202f0       sf_debug_sm_fill_state_activity_data 00000001800212f0 f   sfc_debug:sfdb_animation.obj
 0001:00022c20       void_ptr_stack_vector_free_total 0000000180023c20 f   sfc_debug:sfdb_data_browse.obj
 0001:00022ca0       sf_debug_st_terminate_machine 0000000180023ca0 f   sfc_debug:sfdb_data_browse.obj
 0001:00022ce0       sf_debug_st_terminate_instance 0000000180023ce0 f   sfc_debug:sfdb_data_browse.obj
 0001:00023090       push_on_to_void_ptr_stack  0000000180024090 f   sfc_debug:sfdb_data_browse.obj
 0001:00023220       pop_from_void_ptr_stack    0000000180024220 f   sfc_debug:sfdb_data_browse.obj
 0001:00023350       sf_debug_st_get_data_value 0000000180024350 f   sfc_debug:sfdb_data_browse.obj
 0001:00023880       mx_value                   0000000180024880 f   sfc_debug:sfdb_data_browse.obj
 0001:000238c0       sf_debug_st_fill_data_struct 00000001800248c0 f   sfc_debug:sfdb_data_browse.obj
 0001:00023c00       data_type_format_strings   0000000180024c00 f   sfc_debug:sfdb_data_browse.obj
 0001:00023cb0       sf_debug_st_fill_data      0000000180024cb0 f   sfc_debug:sfdb_data_browse.obj
 0001:00024970       sf_debug_hm_get_simulink_handle 0000000180025970 f   sfc_debug:sfdb_handle_management.obj
 0001:00025420       sf_debug_hm_initialize_globals 0000000180026420 f   sfc_debug:sfdb_handle_management.obj
 0001:00025520       sf_debug_hm_get_machine_debug_flag 0000000180026520 f   sfc_debug:sfdb_handle_management.obj
 0001:00025690       sf_debug_hm_get_machine_id 0000000180026690 f   sfc_debug:sfdb_handle_management.obj
 0001:000257b0       sf_debug_hm_get_chart_id   00000001800267b0 f   sfc_debug:sfdb_handle_management.obj
 0001:00025950       sf_debug_hm_register_executing_SFunction 0000000180026950 f   sfc_debug:sfdb_handle_management.obj
 0001:00025ce0       sf_debug_hm_form_object_boolean_properties 0000000180026ce0 f   sfc_debug:sfdb_handle_management.obj
 0001:00025fb0       sf_debug_hm_form_object_properties 0000000180026fb0 f   sfc_debug:sfdb_handle_management.obj
 0001:000261f0       sf_debug_hm_terminate_charts 00000001800271f0 f   sfc_debug:sfdb_handle_management.obj
 0001:00026860       sf_debug_hm_terminate_machines 0000000180027860 f   sfc_debug:sfdb_handle_management.obj
 0001:00028200       sf_debug_ss_copy_dimension 0000000180029200 f   sfc_debug:sfdb_symbol_scope.obj
 0001:000282c0       sf_debug_ss_get_number_elements 00000001800292c0 f   sfc_debug:sfdb_symbol_scope.obj
 0001:000282e0       sf_debug_ss_fill_data_struct 00000001800292e0 f   sfc_debug:sfdb_symbol_scope.obj
 0001:00028630       sf_debug_ss_reset_data_info 0000000180029630 f   sfc_debug:sfdb_symbol_scope.obj
 0001:00028690       sf_debug_fill_data_info_by_symbol_scope_entry 0000000180029690 f   sfc_debug:sfdb_symbol_scope.obj
 0001:00028750       sf_debug_fill_data_info_by_data_vector 0000000180029750 f   sfc_debug:sfdb_symbol_scope.obj
 0001:000289a0       get_data_info_helper       00000001800299a0 f   sfc_debug:sfdb_symbol_scope.obj
 0001:00028c90       sf_debug_ss_get_data_info  0000000180029c90 f   sfc_debug:sfdb_symbol_scope.obj
 0001:00028eb0       sf_debug_select_mex_function 0000000180029eb0 f   sfc_debug:sfdb_symbol_scope.obj
 0001:00028ee0       sf_debug_is_dyn_matrix_initialized 0000000180029ee0 f   sfc_debug:sfdb_symbol_scope.obj
 0001:00028f00       sf_debug_ss_set_data_value_try 0000000180029f00 f   sfc_debug:sfdb_symbol_scope.obj
 0001:000290d0       sf_debug_ss_get_data_value 000000018002a0d0 f   sfc_debug:sfdb_symbol_scope.obj
 0001:00029460       getInstanceNumber          000000018002a460 f   sfc_debug:sfdb_symbol_scope.obj
 0001:00029830       sf_debug_ss_data_bytes_string 000000018002a830 f   sfc_debug:sfdb_symbol_scope.obj
 0001:000298c0       sf_debug_ss_data_class_string 000000018002a8c0 f   sfc_debug:sfdb_symbol_scope.obj
 0001:00029c30       sf_debug_ss_data_size_string 000000018002ac30 f   sfc_debug:sfdb_symbol_scope.obj
 0001:00029d10       sf_debug_ss_data_create_data_info_struct 000000018002ad10 f   sfc_debug:sfdb_symbol_scope.obj
 0001:00029fa0       sf_debug_ss_data_create_name_value_pair 000000018002afa0 f   sfc_debug:sfdb_symbol_scope.obj
 0001:0002a040       sf_debug_ss_data_get_whos_info 000000018002b040 f   sfc_debug:sfdb_symbol_scope.obj
 0001:0002a050       same_named_data_in_data_array 000000018002b050 f   sfc_debug:sfdb_symbol_scope.obj
 0001:0002ac60       sf_debug_bm_initialize_eml 000000018002bc60 f   sfc_debug:sfdb_breakpoints.obj
 0001:0002bd50       sf_debug_bm_map_debug_tag_to_breakpoint_tag 000000018002cd50 f   sfc_debug:sfdb_breakpoints.obj
 0001:0002be30       sf_debug_bm_is_a_eml_breakpoint_impl 000000018002ce30 f   sfc_debug:sfdb_breakpoints.obj
 0001:0002d760       sf_debug_sc_push_on_error_stack 000000018002e760 f   sfc_debug:sfdb_state_consistency.obj
 0001:0002d880       sf_debug_sc_reset_error_stack 000000018002e880 f   sfc_debug:sfdb_state_consistency.obj
 0001:0002da10       sf_debug_sc_is_state_inconsistent 000000018002ea10 f   sfc_debug:sfdb_state_consistency.obj
 0001:0002dd00       sf_debug_sc_fill_consistency_info 000000018002ed00 f   sfc_debug:sfdb_state_consistency.obj
 0001:0002e2c0       void_assertion_fcn         000000018002f2c0 f   sfc_debug:sfdb_call_stack.obj
 0001:0002e810       sf_debug_tm_fill_local_trace 000000018002f810 f   sfc_debug:sfdb_call_stack.obj
 0001:0002ee10       sf_debug_cd_terminate_instance 000000018002fe10 f   sfc_debug:sfdb_cycle_detection.obj
 0001:0002ee70       sf_debug_cd_free_checksum_stack 000000018002fe70 f   sfc_debug:sfdb_cycle_detection.obj
 0001:0002eec0       sf_debug_cd_reset_pack_strings 000000018002fec0 f   sfc_debug:sfdb_cycle_detection.obj
 0001:0002f560       md5file_clear              0000000180030560 f   sfc_debug:ckmd5.obj
 0001:0002f590       Encode                     0000000180030590 f   sfc_debug:ckmd5.obj
 0001:0002f5e0       Decode                     00000001800305e0 f   sfc_debug:ckmd5.obj
 0001:0002f680       MD5Transform               0000000180030680 f   sfc_debug:ckmd5.obj
 0001:0002fec0       md5file_addn               0000000180030ec0 f   sfc_debug:ckmd5.obj
 0001:0002ff90       md5file_hash               0000000180030f90 f   sfc_debug:ckmd5.obj
 0001:00030ee0       c4_info_helper             0000000180031ee0 f   mpclib_sfun:c4_mpclib.obj
 0001:00031360       c4_emlrt_marshallOut       0000000180032360 f   mpclib_sfun:c4_mpclib.obj
 0001:000313f0       c4_b_emlrt_marshallOut     00000001800323f0 f   mpclib_sfun:c4_mpclib.obj
 0001:000328e0       get_sim_state_c4_mpclib    00000001800338e0 f   mpclib_sfun:c4_mpclib.obj
 0001:00032cd0       sf_get_sim_state_info_c4_mpclib 0000000180033cd0 f   mpclib_sfun:c4_mpclib.obj
 0001:00032eb0       set_sim_state_c4_mpclib    0000000180033eb0 f   mpclib_sfun:c4_mpclib.obj
 0001:00033120       c4_update_debugger_state_c4_mpclib 0000000180034120 f   mpclib_sfun:c4_mpclib.obj
 0001:00033130       c4_emlrt_marshallIn        0000000180034130 f   mpclib_sfun:c4_mpclib.obj
 0001:000331a0       c4_b_emlrt_marshallIn      00000001800341a0 f   mpclib_sfun:c4_mpclib.obj
 0001:00033290       c4_c_emlrt_marshallIn      0000000180034290 f   mpclib_sfun:c4_mpclib.obj
 0001:00033300       c4_d_emlrt_marshallIn      0000000180034300 f   mpclib_sfun:c4_mpclib.obj
 0001:000333f0       c4_e_emlrt_marshallIn      00000001800343f0 f   mpclib_sfun:c4_mpclib.obj
 0001:00033460       c4_f_emlrt_marshallIn      0000000180034460 f   mpclib_sfun:c4_mpclib.obj
 0001:000334f0       c4_i_emlrt_marshallIn      00000001800344f0 f   mpclib_sfun:c4_mpclib.obj
 0001:00033550       c4_j_emlrt_marshallIn      0000000180034550 f   mpclib_sfun:c4_mpclib.obj
 0001:00033650       mdlProcessParameters_c4_mpclib 0000000180034650 f   mpclib_sfun:c4_mpclib.obj
 0001:00033710       initialize_params_c4_mpclib 0000000180034710 f   mpclib_sfun:c4_mpclib.obj
 0001:00033bb0       mdlSetWorkWidths_c4_mpclib 0000000180034bb0 f   mpclib_sfun:c4_mpclib.obj
 0001:00034650       sf_get_instance_specialization 0000000180035650 f   mpclib_sfun:c4_mpclib.obj
 0001:00034660       mdlStart_c4_mpclib         0000000180035660 f   mpclib_sfun:c4_mpclib.obj
 0001:00034860       init_dsm_address_info      0000000180035860 f   mpclib_sfun:c4_mpclib.obj
 0001:00034870       chart_debug_initialization 0000000180035870 f   mpclib_sfun:c4_mpclib.obj
 0001:00035f00       init_script_number_translation 0000000180036f00 f   mpclib_sfun:c4_mpclib.obj
 0001:00035f10       c4_sf_marshallOut          0000000180036f10 f   mpclib_sfun:c4_mpclib.obj
 0001:00035fc0       c4_sf_marshallIn           0000000180036fc0 f   mpclib_sfun:c4_mpclib.obj
 0001:00036060       c4_b_sf_marshallOut        0000000180037060 f   mpclib_sfun:c4_mpclib.obj
 0001:000361f0       c4_b_sf_marshallIn         00000001800371f0 f   mpclib_sfun:c4_mpclib.obj
 0001:00036320       c4_c_sf_marshallOut        0000000180037320 f   mpclib_sfun:c4_mpclib.obj
 0001:000364b0       c4_c_sf_marshallIn         00000001800374b0 f   mpclib_sfun:c4_mpclib.obj
 0001:000365e0       c4_d_sf_marshallOut        00000001800375e0 f   mpclib_sfun:c4_mpclib.obj
 0001:00036690       c4_e_sf_marshallIn         0000000180037690 f   mpclib_sfun:c4_mpclib.obj
 0001:00036730       c4_h_emlrt_marshallIn      0000000180037730 f   mpclib_sfun:c4_mpclib.obj
 0001:000367c0       sf_opaque_initialize_c4_mpclib 00000001800377c0 f   mpclib_sfun:c4_mpclib.obj
 0001:00036800       initialize_c4_mpclib       0000000180037800 f   mpclib_sfun:c4_mpclib.obj
 0001:00036850       sf_opaque_enable_c4_mpclib 0000000180037850 f   mpclib_sfun:c4_mpclib.obj
 0001:00036870       enable_c4_mpclib           0000000180037870 f   mpclib_sfun:c4_mpclib.obj
 0001:000368a0       sf_opaque_disable_c4_mpclib 00000001800378a0 f   mpclib_sfun:c4_mpclib.obj
 0001:000368c0       disable_c4_mpclib          00000001800378c0 f   mpclib_sfun:c4_mpclib.obj
 0001:000368f0       sf_opaque_gateway_c4_mpclib 00000001800378f0 f   mpclib_sfun:c4_mpclib.obj
 0001:00036910       sf_c4_mpclib               0000000180037910 f   mpclib_sfun:c4_mpclib.obj
 0001:00038150       c4_e_sf_marshallOut        0000000180039150 f   mpclib_sfun:c4_mpclib.obj
 0001:000382a0       sf_opaque_get_sim_state_c4_mpclib 00000001800392a0 f   mpclib_sfun:c4_mpclib.obj
 0001:000382c0       sf_opaque_set_sim_state_c4_mpclib 00000001800392c0 f   mpclib_sfun:c4_mpclib.obj
 0001:000382f0       sf_opaque_terminate_c4_mpclib 00000001800392f0 f   mpclib_sfun:c4_mpclib.obj
 0001:00038370       finalize_c4_mpclib         0000000180039370 f   mpclib_sfun:c4_mpclib.obj
 0001:00038380       sf_opaque_init_subchart_simstructs 0000000180039380 f   mpclib_sfun:c4_mpclib.obj
 0001:000383a0       initSimStructsc4_mpclib    00000001800393a0 f   mpclib_sfun:c4_mpclib.obj
 0001:000383b0       mdlRTW_c4_mpclib           00000001800393b0 f   mpclib_sfun:c4_mpclib.obj
 0001:0003e010       get_sim_state_c3_mpclib    000000018003f010 f   mpclib_sfun:c3_mpclib.obj
 0001:0003e550       sf_get_sim_state_info_c3_mpclib 000000018003f550 f   mpclib_sfun:c3_mpclib.obj
 0001:0003e730       set_sim_state_c3_mpclib    000000018003f730 f   mpclib_sfun:c3_mpclib.obj
 0001:0003ea00       c3_update_debugger_state_c3_mpclib 000000018003fa00 f   mpclib_sfun:c3_mpclib.obj
 0001:0003ea10       c3_emlrt_marshallIn        000000018003fa10 f   mpclib_sfun:c3_mpclib.obj
 0001:0003ea80       c3_b_emlrt_marshallIn      000000018003fa80 f   mpclib_sfun:c3_mpclib.obj
 0001:0003eb10       c3_c_emlrt_marshallIn      000000018003fb10 f   mpclib_sfun:c3_mpclib.obj
 0001:0003eb80       c3_d_emlrt_marshallIn      000000018003fb80 f   mpclib_sfun:c3_mpclib.obj
 0001:0003ec80       c3_e_emlrt_marshallIn      000000018003fc80 f   mpclib_sfun:c3_mpclib.obj
 0001:0003ecf0       c3_f_emlrt_marshallIn      000000018003fcf0 f   mpclib_sfun:c3_mpclib.obj
 0001:0003ede0       c3_t_emlrt_marshallIn      000000018003fde0 f   mpclib_sfun:c3_mpclib.obj
 0001:0003ee40       c3_u_emlrt_marshallIn      000000018003fe40 f   mpclib_sfun:c3_mpclib.obj
 0001:0003ef40       mdlProcessParameters_c3_mpclib 000000018003ff40 f   mpclib_sfun:c3_mpclib.obj
 0001:0003f000       initialize_params_c3_mpclib 0000000180040000 f   mpclib_sfun:c3_mpclib.obj
 0001:00041110       mdlSetWorkWidths_c3_mpclib 0000000180042110 f   mpclib_sfun:c3_mpclib.obj
 0001:00043700       sf_get_instance_specialization 0000000180044700 f   mpclib_sfun:c3_mpclib.obj
 0001:00043710       mdlStart_c3_mpclib         0000000180044710 f   mpclib_sfun:c3_mpclib.obj
 0001:00043910       init_dsm_address_info      0000000180044910 f   mpclib_sfun:c3_mpclib.obj
 0001:00043920       chart_debug_initialization 0000000180044920 f   mpclib_sfun:c3_mpclib.obj
 0001:00049980       init_script_number_translation 000000018004a980 f   mpclib_sfun:c3_mpclib.obj
 0001:00049990       c3_sf_marshallOut          000000018004a990 f   mpclib_sfun:c3_mpclib.obj
 0001:00049ad0       c3_sf_marshallIn           000000018004aad0 f   mpclib_sfun:c3_mpclib.obj
 0001:00049bc0       c3_b_sf_marshallOut        000000018004abc0 f   mpclib_sfun:c3_mpclib.obj
 0001:00049c70       c3_b_sf_marshallIn         000000018004ac70 f   mpclib_sfun:c3_mpclib.obj
 0001:00049d10       c3_c_sf_marshallOut        000000018004ad10 f   mpclib_sfun:c3_mpclib.obj
 0001:00049e80       c3_c_sf_marshallIn         000000018004ae80 f   mpclib_sfun:c3_mpclib.obj
 0001:00049f90       c3_d_sf_marshallOut        000000018004af90 f   mpclib_sfun:c3_mpclib.obj
 0001:0004a0b0       c3_e_sf_marshallOut        000000018004b0b0 f   mpclib_sfun:c3_mpclib.obj
 0001:0004a220       c3_f_sf_marshallOut        000000018004b220 f   mpclib_sfun:c3_mpclib.obj
 0001:0004a450       c3_g_sf_marshallOut        000000018004b450 f   mpclib_sfun:c3_mpclib.obj
 0001:0004a660       c3_h_sf_marshallOut        000000018004b660 f   mpclib_sfun:c3_mpclib.obj
 0001:0004a7d0       c3_i_sf_marshallOut        000000018004b7d0 f   mpclib_sfun:c3_mpclib.obj
 0001:0004a880       c3_j_sf_marshallOut        000000018004b880 f   mpclib_sfun:c3_mpclib.obj
 0001:0004a9f0       c3_k_sf_marshallOut        000000018004b9f0 f   mpclib_sfun:c3_mpclib.obj
 0001:0004ac00       c3_l_sf_marshallOut        000000018004bc00 f   mpclib_sfun:c3_mpclib.obj
 0001:0004ad80       c3_m_sf_marshallOut        000000018004bd80 f   mpclib_sfun:c3_mpclib.obj
 0001:0004af90       c3_n_sf_marshallOut        000000018004bf90 f   mpclib_sfun:c3_mpclib.obj
 0001:0004b1b0       c3_o_sf_marshallOut        000000018004c1b0 f   mpclib_sfun:c3_mpclib.obj
 0001:0004b3f0       c3_p_sf_marshallOut        000000018004c3f0 f   mpclib_sfun:c3_mpclib.obj
 0001:0004b560       c3_q_sf_marshallOut        000000018004c560 f   mpclib_sfun:c3_mpclib.obj
 0001:0004b7a0       c3_e_sf_marshallIn         000000018004c7a0 f   mpclib_sfun:c3_mpclib.obj
 0001:0004b840       c3_h_emlrt_marshallIn      000000018004c840 f   mpclib_sfun:c3_mpclib.obj
 0001:0004b8d0       c3_f_sf_marshallIn         000000018004c8d0 f   mpclib_sfun:c3_mpclib.obj
 0001:0004ba30       c3_i_emlrt_marshallIn      000000018004ca30 f   mpclib_sfun:c3_mpclib.obj
 0001:0004bb30       c3_g_sf_marshallIn         000000018004cb30 f   mpclib_sfun:c3_mpclib.obj
 0001:0004bc80       c3_j_emlrt_marshallIn      000000018004cc80 f   mpclib_sfun:c3_mpclib.obj
 0001:0004bd90       c3_h_sf_marshallIn         000000018004cd90 f   mpclib_sfun:c3_mpclib.obj
 0001:0004be90       c3_k_emlrt_marshallIn      000000018004ce90 f   mpclib_sfun:c3_mpclib.obj
 0001:0004bfa0       c3_i_sf_marshallIn         000000018004cfa0 f   mpclib_sfun:c3_mpclib.obj
 0001:0004c120       c3_l_emlrt_marshallIn      000000018004d120 f   mpclib_sfun:c3_mpclib.obj
 0001:0004c230       c3_j_sf_marshallIn         000000018004d230 f   mpclib_sfun:c3_mpclib.obj
 0001:0004c380       c3_m_emlrt_marshallIn      000000018004d380 f   mpclib_sfun:c3_mpclib.obj
 0001:0004c490       c3_k_sf_marshallIn         000000018004d490 f   mpclib_sfun:c3_mpclib.obj
 0001:0004c5a0       c3_n_emlrt_marshallIn      000000018004d5a0 f   mpclib_sfun:c3_mpclib.obj
 0001:0004c690       c3_l_sf_marshallIn         000000018004d690 f   mpclib_sfun:c3_mpclib.obj
 0001:0004c7f0       c3_o_emlrt_marshallIn      000000018004d7f0 f   mpclib_sfun:c3_mpclib.obj
 0001:0004c900       c3_m_sf_marshallIn         000000018004d900 f   mpclib_sfun:c3_mpclib.obj
 0001:0004ca60       c3_p_emlrt_marshallIn      000000018004da60 f   mpclib_sfun:c3_mpclib.obj
 0001:0004cb70       c3_n_sf_marshallIn         000000018004db70 f   mpclib_sfun:c3_mpclib.obj
 0001:0004cc70       c3_q_emlrt_marshallIn      000000018004dc70 f   mpclib_sfun:c3_mpclib.obj
 0001:0004cd60       c3_o_sf_marshallIn         000000018004dd60 f   mpclib_sfun:c3_mpclib.obj
 0001:0004ce70       c3_r_emlrt_marshallIn      000000018004de70 f   mpclib_sfun:c3_mpclib.obj
 0001:0004cf80       c3_p_sf_marshallIn         000000018004df80 f   mpclib_sfun:c3_mpclib.obj
 0001:0004d100       c3_s_emlrt_marshallIn      000000018004e100 f   mpclib_sfun:c3_mpclib.obj
 0001:0004d200       sf_opaque_initialize_c3_mpclib 000000018004e200 f   mpclib_sfun:c3_mpclib.obj
 0001:0004d240       initialize_c3_mpclib       000000018004e240 f   mpclib_sfun:c3_mpclib.obj
 0001:0004d290       sf_opaque_enable_c3_mpclib 000000018004e290 f   mpclib_sfun:c3_mpclib.obj
 0001:0004d2b0       enable_c3_mpclib           000000018004e2b0 f   mpclib_sfun:c3_mpclib.obj
 0001:0004d2e0       sf_opaque_disable_c3_mpclib 000000018004e2e0 f   mpclib_sfun:c3_mpclib.obj
 0001:0004d300       disable_c3_mpclib          000000018004e300 f   mpclib_sfun:c3_mpclib.obj
 0001:0004d330       sf_opaque_gateway_c3_mpclib 000000018004e330 f   mpclib_sfun:c3_mpclib.obj
 0001:0004d350       sf_c3_mpclib               000000018004e350 f   mpclib_sfun:c3_mpclib.obj
 0001:0004ef70       c3_chartstep_c3_mpclib     000000018004ff70 f   mpclib_sfun:c3_mpclib.obj
 0001:000536e0       c3_r_sf_marshallOut        00000001800546e0 f   mpclib_sfun:c3_mpclib.obj
 0001:00053830       sf_opaque_get_sim_state_c3_mpclib 0000000180054830 f   mpclib_sfun:c3_mpclib.obj
 0001:00053850       sf_opaque_set_sim_state_c3_mpclib 0000000180054850 f   mpclib_sfun:c3_mpclib.obj
 0001:00053880       sf_opaque_terminate_c3_mpclib 0000000180054880 f   mpclib_sfun:c3_mpclib.obj
 0001:00053900       finalize_c3_mpclib         0000000180054900 f   mpclib_sfun:c3_mpclib.obj
 0001:00053910       sf_opaque_init_subchart_simstructs 0000000180054910 f   mpclib_sfun:c3_mpclib.obj
 0001:00053930       initSimStructsc3_mpclib    0000000180054930 f   mpclib_sfun:c3_mpclib.obj
 0001:00053940       mdlRTW_c3_mpclib           0000000180054940 f   mpclib_sfun:c3_mpclib.obj
 0001:00053a70       pre_c_init                 0000000180054a70 f   MSVCRT:crtdll.obj
 0001:00053d2c       __DllMainCRTStartup        0000000180054d2c f   MSVCRT:crtdll.obj
 0001:00054430       __DllMainCRTStartup$filt$0 0000000180055430 f   MSVCRT:crtdll.obj
 0001:00054460       __DllMainCRTStartup$fin$1  0000000180055460 f   MSVCRT:crtdll.obj
 0001:0005447a       _onexit$fin$0              000000018005547a f   MSVCRT:atonexit.obj
 0001:000544a0       _IsNonwritableInCurrentImage$filt$0 00000001800554a0 f   MSVCRT:pesect.obj
